Archive member included to satisfy reference by file (symbol)

c:/program files (x86)/atmel/studio/7.0/toolchain/avr8/avr8-gnu-toolchain/bin/../lib/gcc/avr/4.9.2/../../../../avr/lib/avrxmega6\libm.a(addsf3.o)
                              rightHand.o (__subsf3)
c:/program files (x86)/atmel/studio/7.0/toolchain/avr8/avr8-gnu-toolchain/bin/../lib/gcc/avr/4.9.2/../../../../avr/lib/avrxmega6\libm.a(addsf3x.o)
                              c:/program files (x86)/atmel/studio/7.0/toolchain/avr8/avr8-gnu-toolchain/bin/../lib/gcc/avr/4.9.2/../../../../avr/lib/avrxmega6\libm.a(addsf3.o) (__addsf3x)
c:/program files (x86)/atmel/studio/7.0/toolchain/avr8/avr8-gnu-toolchain/bin/../lib/gcc/avr/4.9.2/../../../../avr/lib/avrxmega6\libm.a(cmpsf2.o)
                              NewControl.o (__eqsf2)
c:/program files (x86)/atmel/studio/7.0/toolchain/avr8/avr8-gnu-toolchain/bin/../lib/gcc/avr/4.9.2/../../../../avr/lib/avrxmega6\libm.a(cos.o)
                              pos_dir_enc.o (cos)
c:/program files (x86)/atmel/studio/7.0/toolchain/avr8/avr8-gnu-toolchain/bin/../lib/gcc/avr/4.9.2/../../../../avr/lib/avrxmega6\libm.a(divsf3.o)
                              NewControl.o (__divsf3)
c:/program files (x86)/atmel/studio/7.0/toolchain/avr8/avr8-gnu-toolchain/bin/../lib/gcc/avr/4.9.2/../../../../avr/lib/avrxmega6\libm.a(divsf3x.o)
                              c:/program files (x86)/atmel/studio/7.0/toolchain/avr8/avr8-gnu-toolchain/bin/../lib/gcc/avr/4.9.2/../../../../avr/lib/avrxmega6\libm.a(divsf3.o) (__divsf3x)
c:/program files (x86)/atmel/studio/7.0/toolchain/avr8/avr8-gnu-toolchain/bin/../lib/gcc/avr/4.9.2/../../../../avr/lib/avrxmega6\libm.a(fixsfsi.o)
                              main.o (__fixsfsi)
c:/program files (x86)/atmel/studio/7.0/toolchain/avr8/avr8-gnu-toolchain/bin/../lib/gcc/avr/4.9.2/../../../../avr/lib/avrxmega6\libm.a(fixunssfsi.o)
                              c:/program files (x86)/atmel/studio/7.0/toolchain/avr8/avr8-gnu-toolchain/bin/../lib/gcc/avr/4.9.2/../../../../avr/lib/avrxmega6\libm.a(fixsfsi.o) (__fixunssfsi)
c:/program files (x86)/atmel/studio/7.0/toolchain/avr8/avr8-gnu-toolchain/bin/../lib/gcc/avr/4.9.2/../../../../avr/lib/avrxmega6\libm.a(floatdisf.o)
                              gyro.o (__floatdisf)
c:/program files (x86)/atmel/studio/7.0/toolchain/avr8/avr8-gnu-toolchain/bin/../lib/gcc/avr/4.9.2/../../../../avr/lib/avrxmega6\libm.a(floatsisf.o)
                              NewControl.o (__floatunsisf)
c:/program files (x86)/atmel/studio/7.0/toolchain/avr8/avr8-gnu-toolchain/bin/../lib/gcc/avr/4.9.2/../../../../avr/lib/avrxmega6\libm.a(floatundisf.o)
                              c:/program files (x86)/atmel/studio/7.0/toolchain/avr8/avr8-gnu-toolchain/bin/../lib/gcc/avr/4.9.2/../../../../avr/lib/avrxmega6\libm.a(floatdisf.o) (__fp_di2sf)
c:/program files (x86)/atmel/studio/7.0/toolchain/avr8/avr8-gnu-toolchain/bin/../lib/gcc/avr/4.9.2/../../../../avr/lib/avrxmega6\libm.a(fp_cmp.o)
                              c:/program files (x86)/atmel/studio/7.0/toolchain/avr8/avr8-gnu-toolchain/bin/../lib/gcc/avr/4.9.2/../../../../avr/lib/avrxmega6\libm.a(cmpsf2.o) (__fp_cmp)
c:/program files (x86)/atmel/studio/7.0/toolchain/avr8/avr8-gnu-toolchain/bin/../lib/gcc/avr/4.9.2/../../../../avr/lib/avrxmega6\libm.a(fp_inf.o)
                              c:/program files (x86)/atmel/studio/7.0/toolchain/avr8/avr8-gnu-toolchain/bin/../lib/gcc/avr/4.9.2/../../../../avr/lib/avrxmega6\libm.a(addsf3x.o) (__fp_inf)
c:/program files (x86)/atmel/studio/7.0/toolchain/avr8/avr8-gnu-toolchain/bin/../lib/gcc/avr/4.9.2/../../../../avr/lib/avrxmega6\libm.a(fp_nan.o)
                              c:/program files (x86)/atmel/studio/7.0/toolchain/avr8/avr8-gnu-toolchain/bin/../lib/gcc/avr/4.9.2/../../../../avr/lib/avrxmega6\libm.a(addsf3x.o) (__fp_nan)
c:/program files (x86)/atmel/studio/7.0/toolchain/avr8/avr8-gnu-toolchain/bin/../lib/gcc/avr/4.9.2/../../../../avr/lib/avrxmega6\libm.a(fp_negdi.o)
                              c:/program files (x86)/atmel/studio/7.0/toolchain/avr8/avr8-gnu-toolchain/bin/../lib/gcc/avr/4.9.2/../../../../avr/lib/avrxmega6\libm.a(floatdisf.o) (__fp_negdi)
c:/program files (x86)/atmel/studio/7.0/toolchain/avr8/avr8-gnu-toolchain/bin/../lib/gcc/avr/4.9.2/../../../../avr/lib/avrxmega6\libm.a(fp_pscA.o)
                              c:/program files (x86)/atmel/studio/7.0/toolchain/avr8/avr8-gnu-toolchain/bin/../lib/gcc/avr/4.9.2/../../../../avr/lib/avrxmega6\libm.a(addsf3x.o) (__fp_pscA)
c:/program files (x86)/atmel/studio/7.0/toolchain/avr8/avr8-gnu-toolchain/bin/../lib/gcc/avr/4.9.2/../../../../avr/lib/avrxmega6\libm.a(fp_pscB.o)
                              c:/program files (x86)/atmel/studio/7.0/toolchain/avr8/avr8-gnu-toolchain/bin/../lib/gcc/avr/4.9.2/../../../../avr/lib/avrxmega6\libm.a(addsf3x.o) (__fp_pscB)
c:/program files (x86)/atmel/studio/7.0/toolchain/avr8/avr8-gnu-toolchain/bin/../lib/gcc/avr/4.9.2/../../../../avr/lib/avrxmega6\libm.a(fp_rempio2.o)
[...]
Memory Configuration

Name             Origin             Length             Attributes
text             0x00000000         0x00100000         xr
data             0x00802000         0x0000ffa0         rw !x
eeprom           0x00810000         0x00010000         rw !x
fuse             0x00820000         0x00000006         rw !x
lock             0x00830000         0x00000400         rw !x
signature        0x00840000         0x00000400         rw !x
user_signatures  0x00850000         0x00000400         rw !x
*default*        0x00000000         0xffffffff

Linker script and memory map

LOAD c:/program files (x86)/atmel/studio/7.0/toolchain/avr8/avr8-gnu-toolchain/bin/../lib/gcc/avr/4.9.2/../../../../avr/lib/avrxmega6/crtatxmega128a3u.o
LOAD algorithms.o
LOAD bluetooth.o
LOAD rightHand.o
LOAD gyro.o
LOAD hd44780.o
LOAD libs.o
LOAD main.o
LOAD NewControl.o
LOAD pid.o
LOAD pomiar.o
LOAD pos_dir_enc.o
LOAD real_alg.o
LOAD src/ASF/common/boards/user_board/init.o
START GROUP
LOAD c:/program files (x86)/atmel/studio/7.0/toolchain/avr8/avr8-gnu-toolchain/bin/../lib/gcc/avr/4.9.2/../../../../avr/lib/avrxmega6\libm.a
END GROUP
START GROUP
LOAD c:/program files (x86)/atmel/studio/7.0/toolchain/avr8/avr8-gnu-toolchain/bin/../lib/gcc/avr/4.9.2/avrxmega6\libgcc.a
LOAD c:/program files (x86)/atmel/studio/7.0/toolchain/avr8/avr8-gnu-toolchain/bin/../lib/gcc/avr/4.9.2/../../../../avr/lib/avrxmega6\libm.a
LOAD c:/program files (x86)/atmel/studio/7.0/toolchain/avr8/avr8-gnu-toolchain/bin/../lib/gcc/avr/4.9.2/../../../../avr/lib/avrxmega6\libc.a
LOAD c:/program files (x86)/atmel/studio/7.0/toolchain/avr8/avr8-gnu-toolchain/bin/../lib/gcc/avr/4.9.2/../../../../avr/lib/avrxmega6\libatxmega128a3u.a
END GROUP
                0x00100000                __TEXT_REGION_LENGTH__ = DEFINED (__TEXT_REGION_LENGTH__)?__TEXT_REGION_LENGTH__:0x100000
                0x0000ffa0                __DATA_REGION_LENGTH__ = DEFINED (__DATA_REGION_LENGTH__)?__DATA_REGION_LENGTH__:0xffa0
                0x00010000                __EEPROM_REGION_LENGTH__ = DEFINED (__EEPROM_REGION_LENGTH__)?__EEPROM_REGION_LENGTH__:0x10000
                [0x00000006]                __FUSE_REGION_LENGTH__ = DEFINED (__FUSE_REGION_LENGTH__)?__FUSE_REGION_LENGTH__:0x400
                0x00000400                __LOCK_REGION_LENGTH__ = DEFINED (__LOCK_REGION_LENGTH__)?__LOCK_REGION_LENGTH__:0x400
                0x00000400                __SIGNATURE_REGION_LENGTH__ = DEFINED (__SIGNATURE_REGION_LENGTH__)?__SIGNATURE_REGION_LENGTH__:0x400
                0x00000400                __USER_SIGNATURE_REGION_LENGTH__ = DEFINED (__USER_SIGNATURE_REGION_LENGTH__)?__USER_SIGNATURE_REGION_LENGTH__:0x400

.hash
 *(.hash)

.dynsym
 *(.dynsym)

.dynstr
 *(.dynstr)

.gnu.version
 *(.gnu.version)

.gnu.version_d
 *(.gnu.version_d)

.gnu.version_r
 *(.gnu.version_r)

.rel.init
 *(.rel.init)

.rela.init
 *(.rela.init)

.rel.text
 *(.rel.text)
 *(.rel.text.*)
 *(.rel.gnu.linkonce.t*)

.rela.text
 *(.rela.text)
 *(.rela.text.*)
 *(.rela.gnu.linkonce.t*)

.rel.fini
 *(.rel.fini)

.rela.fini
 *(.rela.fini)

.rel.rodata
 *(.rel.rodata)
 *(.rel.rodata.*)
 *(.rel.gnu.linkonce.r*)

.rela.rodata
 *(.rela.rodata)
 *(.rela.rodata.*)
 *(.rela.gnu.linkonce.r*)

.rel.data
 *(.rel.data)
 *(.rel.data.*)
 *(.rel.gnu.linkonce.d*)

.rela.data
 *(.rela.data)
 *(.rela.data.*)
 *(.rela.gnu.linkonce.d*)

.rel.ctors
 *(.rel.ctors)

.rela.ctors
 *(.rela.ctors)

.rel.dtors
 *(.rel.dtors)

.rela.dtors
 *(.rela.dtors)

.rel.got
 *(.rel.got)

.rela.got
 *(.rela.got)

.rel.bss
 *(.rel.bss)

.rela.bss
 *(.rela.bss)

.rel.plt
 *(.rel.plt)

.rela.plt
 *(.rela.plt)

.text           0x00000000     0x2f9e
 *(.vectors)
 .vectors       0x00000000      0x1fc c:/program files (x86)/atmel/studio/7.0/toolchain/avr8/avr8-gnu-toolchain/bin/../lib/gcc/avr/4.9.2/../../../../avr/lib/avrxmega6/crtatxmega128a3u.o
                0x00000000                __vector_default
                0x00000000                __vectors
 *(.vectors)
 *(.progmem.gcc*)
 .progmem.gcc_fplib
                0x000001fc       0x1e c:/program files (x86)/atmel/studio/7.0/toolchain/avr8/avr8-gnu-toolchain/bin/../lib/gcc/avr/4.9.2/../../../../avr/lib/avrxmega6\libm.a(fp_sinus.o)
                0x0000021a                . = ALIGN (0x2)
                0x0000021a                __trampolines_start = .
 *(.trampolines)
 .trampolines   0x0000021a        0x0 linker stubs
 *(.trampolines*)
                0x0000021a                __trampolines_end = .
 *libprintf_flt.a:*(.progmem.data)
 *libc.a:*(.progmem.data)
 *(.progmem*)
 .progmem.data.__c.4183
                0x0000021a        0xe libs.o
 .progmem.data.__c.4425
                0x00000228        0x8 main.o
                0x00000230                . = ALIGN (0x2)
 *(.jumptables)
 *(.jumptables*)
 *(.lowtext)
 *(.lowtext*)
                0x00000230                __ctors_start = .
 *(.ctors)
                0x00000230                __ctors_end = .
                0x00000230                __dtors_start = .
 *(.dtors)
                0x00000230                __dtors_end = .
 SORT(*)(.ctors)
 SORT(*)(.dtors)
 *(.init0)
 .init0         0x00000230        0x0 c:/program files (x86)/atmel/studio/7.0/toolchain/avr8/avr8-gnu-toolchain/bin/../lib/gcc/avr/4.9.2/../../../../avr/lib/avrxmega6/crtatxmega128a3u.o
                0x00000230                __init
 *(.init0)
 *(.init1)
 *(.init1)
 *(.init2)
 .init2         0x00000230       0x10 c:/program files (x86)/atmel/studio/7.0/toolchain/avr8/avr8-gnu-toolchain/bin/../lib/gcc/avr/4.9.2/../../../../avr/lib/avrxmega6/crtatxmega128a3u.o
 *(.init2)
 *(.init3)
 *(.init3)
 *(.init4)
 .init4         0x00000240       0x1a c:/program files (x86)/atmel/studio/7.0/toolchain/avr8/avr8-gnu-toolchain/bin/../lib/gcc/avr/4.9.2/avrxmega6\libgcc.a(_copy_data.o)
                0x00000240                __do_copy_data
 .init4         0x0000025a       0x10 c:/program files (x86)/atmel/studio/7.0/toolchain/avr8/avr8-gnu-toolchain/bin/../lib/gcc/avr/4.9.2/avrxmega6\libgcc.a(_clear_bss.o)
                0x0000025a                __do_clear_bss
 *(.init4)
 *(.init5)
 *(.init5)
 *(.init6)
 *(.init6)
 *(.init7)
 *(.init7)
 *(.init8)
 *(.init8)
 *(.init9)
 .init9         0x0000026a        0x8 c:/program files (x86)/atmel/studio/7.0/toolchain/avr8/avr8-gnu-toolchain/bin/../lib/gcc/avr/4.9.2/../../../../avr/lib/avrxmega6/crtatxmega128a3u.o
 *(.init9)
 *(.text)
 .text          0x00000272        0x2 c:/program files (x86)/atmel/studio/7.0/toolchain/avr8/avr8-gnu-toolchain/bin/../lib/gcc/avr/4.9.2/../../../../avr/lib/avrxmega6/crtatxmega128a3u.o
                0x00000272                __vector_38
                0x00000272                __vector_22
                0x00000272                __vector_63
                0x00000272                __vector_28
                0x00000272                __vector_67
                0x00000272                __vector_119
                0x00000272                __vector_32
                0x00000272                __vector_75
                0x00000272                __vector_71
                0x00000272                __vector_91
                0x00000272                __vector_34
                0x00000272                __vector_62
                0x00000272                __vector_77
                0x00000272                __vector_102
                0x00000272                __vector_24
                0x00000272                __vector_12
                0x00000272                __vector_55
                0x00000272                __vector_69
                0x00000272                __vector_81
                0x00000272                __vector_90
                0x00000272                __vector_46
                0x00000272                __bad_interrupt
                0x00000272                __vector_122
                0x00000272                __vector_72
                0x00000272                __vector_114
                0x00000272                __vector_6
                0x00000272                __vector_110
                0x00000272                __vector_31
                0x00000272                __vector_92
                0x00000272                __vector_35
                0x00000272                __vector_78
                0x00000272                __vector_74
                0x00000272                __vector_117
                0x00000272                __vector_107
                0x00000272                __vector_3
                0x00000272                __vector_98
                0x00000272                __vector_23
                0x00000272                __vector_30
                0x00000272                __vector_73
                0x00000272                __vector_45
                0x00000272                __vector_25
                0x00000272                __vector_93
                0x00000272                __vector_61
                0x00000272                __vector_11
                0x00000272                __vector_54
                0x00000272                __vector_99
                0x00000272                __vector_13
                0x00000272                __vector_17
                0x00000272                __vector_19
                0x00000272                __vector_56
                0x00000272                __vector_7
                0x00000272                __vector_125
                0x00000272                __vector_49
                0x00000272                __vector_123
                0x00000272                __vector_86
                0x00000272                __vector_100
                0x00000272                __vector_101
                0x00000272                __vector_64
                0x00000272                __vector_88
                0x00000272                __vector_109
                0x00000272                __vector_43
                0x00000272                __vector_27
                0x00000272                __vector_5
                0x00000272                __vector_113
                0x00000272                __vector_33
                0x00000272                __vector_76
                0x00000272                __vector_115
                0x00000272                __vector_47
                0x00000272                __vector_52
                0x00000272                __vector_37
                0x00000272                __vector_95
                0x00000272                __vector_103
                0x00000272                __vector_96
                0x00000272                __vector_89
                0x00000272                __vector_108
                0x00000272                __vector_4
                0x00000272                __vector_44
                0x00000272                __vector_82
                0x00000272                __vector_106
                0x00000272                __vector_118
                0x00000272                __vector_51
                0x00000272                __vector_9
                0x00000272                __vector_2
                0x00000272                __vector_21
                0x00000272                __vector_15
                0x00000272                __vector_66
                0x00000272                __vector_36
                0x00000272                __vector_79
                0x00000272                __vector_58
                0x00000272                __vector_70
                0x00000272                __vector_29
                0x00000272                __vector_60
                0x00000272                __vector_121
                0x00000272                __vector_85
                0x00000272                __vector_94
                0x00000272                __vector_126
                0x00000272                __vector_8
                0x00000272                __vector_26
                0x00000272                __vector_48
                0x00000272                __vector_124
                0x00000272                __vector_116
                0x00000272                __vector_112
                0x00000272                __vector_111
                0x00000272                __vector_80
                0x00000272                __vector_14
                0x00000272                __vector_84
                0x00000272                __vector_57
                0x00000272                __vector_53
                0x00000272                __vector_10
                0x00000272                __vector_50
                0x00000272                __vector_16
                0x00000272                __vector_59
                0x00000272                __vector_18
                0x00000272                __vector_97
                0x00000272                __vector_87
                0x00000272                __vector_65
                0x00000272                __vector_120
                0x00000274                . = ALIGN (0x2)
 *(.text.*)
 .text.bluetooth_init
                0x00000274       0x2a bluetooth.o
                0x00000274                bluetooth_init
 .text.rightHandStart
                0x0000029e      0x16c rightHand.o
                0x0000029e                rightHandStart
 .text.TWI_MasterInit
                0x0000040a       0x1c gyro.o
                0x0000040a                TWI_MasterInit
 .text.writeByte
                0x00000426       0x36 gyro.o
                0x00000426                writeByte
 .text.enableDefault
                0x0000045c       0x32 gyro.o
                0x0000045c                enableDefault
 .text.readByte
                0x0000048e       0x3c gyro.o
                0x0000048e                readByte
 .text.readByteMulti
                0x000004ca       0x7e gyro.o
                0x000004ca                readByteMulti
 .text.getAngleRadians
                0x00000548       0x14 gyro.o
                0x00000548                getAngleRadians
 .text._lcd_OutNibble
                0x0000055c       0x4a hd44780.o
                0x0000055c                _lcd_OutNibble
 .text._lcd_Write
                0x000005a6       0x3a hd44780.o
                0x000005a6                _lcd_Write
 .text.LcdCommand
                0x000005e0        0xa hd44780.o
                0x000005e0                LcdCommand
 .text.LcdData  0x000005ea        0xa hd44780.o
                0x000005ea                LcdData
 .text.LcdWriteProgmem
                0x000005f4       0x22 hd44780.o
                0x000005f4                LcdWriteProgmem
 .text.LcdClear
                0x00000616       0x12 hd44780.o
                0x00000616                LcdClear
 .text.ReadCalibrationByte
                0x00000628       0x12 libs.o
                0x00000628                ReadCalibrationByte
 .text.Osc32MHz
                0x0000063a       0x38 libs.o
                0x0000063a                Osc32MHz
 .text.setADC   0x00000672       0x70 libs.o
                0x00000672                setADC
 .text.adcPomiar_RF
                0x000006e2      0x168 libs.o
                0x000006e2                adcPomiar_RF
 .text.adcPomiar_LF
                0x0000084a      0x168 libs.o
                0x0000084a                adcPomiar_LF
 .text.adcPomiar_LD
                0x000009b2      0x172 libs.o
                0x000009b2                adcPomiar_LD
 .text.adcPomiar_RD
                0x00000b24      0x172 libs.o
                0x00000b24                adcPomiar_RD
 .text.setMotorL
                0x00000c96       0x2a libs.o
                0x00000c96                setMotorL
 .text.setMotorR
                0x00000cc0       0x1a libs.o
                0x00000cc0                setMotorR
 .text.motorR   0x00000cda       0x60 libs.o
                0x00000cda                motorR
 .text.motorL   0x00000d3a       0x60 libs.o
                0x00000d3a                motorL
 .text.setbat   0x00000d9a       0x1c libs.o
                0x00000d9a                setbat
 .text.setall   0x00000db6       0xdc libs.o
                0x00000db6                setall
 .text.__vector_39
                0x00000e92       0x2c main.o
                0x00000e92                __vector_39
 .text.__vector_40
                0x00000ebe       0x2c main.o
                0x00000ebe                __vector_40
 .text.__vector_41
                0x00000eea       0x2c main.o
                0x00000eea                __vector_41
 .text.__vector_42
                0x00000f16       0x2c main.o
                0x00000f16                __vector_42
 .text.__vector_104
                0x00000f42       0x14 main.o
                0x00000f42                __vector_104
 .text.__vector_105
                0x00000f56       0x6a main.o
                0x00000f56                __vector_105
 .text.__vector_68
                0x00000fc0       0x1e main.o
                0x00000fc0                __vector_68
 .text.__vector_83
                0x00000fde      0x24a main.o
                0x00000fde                __vector_83
 .text.__vector_20
                0x00001228      0x264 main.o
                0x00001228                __vector_20
 .text.__vector_1
                0x0000148c       0x70 main.o
                0x0000148c                __vector_1
 .text.main     0x000014fc        0xc main.o
                0x000014fc                main
 .text.lookup   0x00001508       0x70 NewControl.o
                0x00001508                lookup
 .text.profiler
                0x00001578      0x324 NewControl.o
                0x00001578                profiler
 .text.profiler_k
                0x0000189c      0x2f4 NewControl.o
                0x0000189c                profiler_k
 .text.reg      0x00001b90      0x232 NewControl.o
                0x00001b90                reg
 .text.go       0x00001dc2      0x118 NewControl.o
                0x00001dc2                go
 .text.forward  0x00001eda       0xc8 NewControl.o
                0x00001eda                forward
 .text.rotateAngle
                0x00001fa2      0x10c NewControl.o
                0x00001fa2                rotateAngle
 .text.prestartSetUp
                0x000020ae       0x4a NewControl.o
                0x000020ae                prestartSetUp
 .text.get_params_enc
                0x000020f8      0x2e4 pos_dir_enc.o
                0x000020f8                get_params_enc
 .text.avr-libc.fplib
                0x000023dc        0xa c:/program files (x86)/atmel/studio/7.0/toolchain/avr8/avr8-gnu-toolchain/bin/../lib/gcc/avr/4.9.2/../../../../avr/lib/avrxmega6\libm.a(addsf3.o)
                0x000023dc                __subsf3
                0x000023de                __addsf3
 .text.avr-libc.fplib
                0x000023e6       0xc0 c:/program files (x86)/atmel/studio/7.0/toolchain/avr8/avr8-gnu-toolchain/bin/../lib/gcc/avr/4.9.2/../../../../avr/lib/avrxmega6\libm.a(addsf3x.o)
                0x00002400                __addsf3x
 .text.avr-libc.fplib
                0x000024a6        0x8 c:/program files (x86)/atmel/studio/7.0/toolchain/avr8/avr8-gnu-toolchain/bin/../lib/gcc/avr/4.9.2/../../../../avr/lib/avrxmega6\libm.a(cmpsf2.o)
                0x000024a6                __nesf2
                0x000024a6                __eqsf2
                0x000024a6                __cmpsf2
                0x000024a6                __ltsf2
                0x000024a6                __lesf2
 .text.avr-libc.fplib
                0x000024ae        0x6 c:/program files (x86)/atmel/studio/7.0/toolchain/avr8/avr8-gnu-toolchain/bin/../lib/gcc/avr/4.9.2/../../../../avr/lib/avrxmega6\libm.a(cos.o)
                0x000024ae                cos
 .text.avr-libc.fplib
                0x000024b4        0x4 c:/program files (x86)/atmel/studio/7.0/toolchain/avr8/avr8-gnu-toolchain/bin/../lib/gcc/avr/4.9.2/../../../../avr/lib/avrxmega6\libm.a(divsf3.o)
                0x000024b4                __divsf3
 .text.avr-libc.fplib
                0x000024b8       0xcc c:/program files (x86)/atmel/studio/7.0/toolchain/avr8/avr8-gnu-toolchain/bin/../lib/gcc/avr/4.9.2/../../../../avr/lib/avrxmega6\libm.a(divsf3x.o)
                0x000024ce                __divsf3x
                0x000024d2                __divsf3_pse
 .text.avr-libc.fplib
                0x00002584        0xa c:/program files (x86)/atmel/studio/7.0/toolchain/avr8/avr8-gnu-toolchain/bin/../lib/gcc/avr/4.9.2/../../../../avr/lib/avrxmega6\libm.a(fixsfsi.o)
                0x00002584                __fixsfsi
 .text.avr-libc.fplib
                0x0000258e       0x58 c:/program files (x86)/atmel/studio/7.0/toolchain/avr8/avr8-gnu-toolchain/bin/../lib/gcc/avr/4.9.2/../../../../avr/lib/avrxmega6\libm.a(fixunssfsi.o)
                0x0000258e                __fixunssfsi
 .text.avr-libc.fplib
                0x000025e6        0x8 c:/program files (x86)/atmel/studio/7.0/toolchain/avr8/avr8-gnu-toolchain/bin/../lib/gcc/avr/4.9.2/../../../../avr/lib/avrxmega6\libm.a(floatdisf.o)
                0x000025e6                __floatdisf
 .text.avr-libc.fplib
                0x000025ee       0x7a c:/program files (x86)/atmel/studio/7.0/toolchain/avr8/avr8-gnu-toolchain/bin/../lib/gcc/avr/4.9.2/../../../../avr/lib/avrxmega6\libm.a(floatsisf.o)
                0x000025ee                __floatunsisf
                0x000025f2                __floatsisf
 .text.avr-libc.fplib
                0x00002668       0x7c c:/program files (x86)/atmel/studio/7.0/toolchain/avr8/avr8-gnu-toolchain/bin/../lib/gcc/avr/4.9.2/../../../../avr/lib/avrxmega6\libm.a(floatundisf.o)
                0x00002668                __floatundisf
                0x0000266a                __fp_di2sf
 .text.avr-libc.fplib
                0x000026e4       0x48 c:/program files (x86)/atmel/studio/7.0/toolchain/avr8/avr8-gnu-toolchain/bin/../lib/gcc/avr/4.9.2/../../../../avr/lib/avrxmega6\libm.a(fp_cmp.o)
                0x000026e4                __fp_cmp
 .text.avr-libc.fplib
                0x0000272c        0xc c:/program files (x86)/atmel/studio/7.0/toolchain/avr8/avr8-gnu-toolchain/bin/../lib/gcc/avr/4.9.2/../../../../avr/lib/avrxmega6\libm.a(fp_inf.o)
                0x0000272c                __fp_inf
 .text.avr-libc.fplib
                0x00002738        0x6 c:/program files (x86)/atmel/studio/7.0/toolchain/avr8/avr8-gnu-toolchain/bin/../lib/gcc/avr/4.9.2/../../../../avr/lib/avrxmega6\libm.a(fp_nan.o)
                0x00002738                __fp_nan
 .text.avr-libc.fplib
                0x0000273e       0x20 c:/program files (x86)/atmel/studio/7.0/toolchain/avr8/avr8-gnu-toolchain/bin/../lib/gcc/avr/4.9.2/../../../../avr/lib/avrxmega6\libm.a(fp_negdi.o)
                0x0000273e                __fp_negdi
 .text.avr-libc.fplib
                0x0000275e        0xe c:/program files (x86)/atmel/studio/7.0/toolchain/avr8/avr8-gnu-toolchain/bin/../lib/gcc/avr/4.9.2/../../../../avr/lib/avrxmega6\libm.a(fp_pscA.o)
                0x0000275e                __fp_pscA
 .text.avr-libc.fplib
                0x0000276c        0xe c:/program files (x86)/atmel/studio/7.0/toolchain/avr8/avr8-gnu-toolchain/bin/../lib/gcc/avr/4.9.2/../../../../avr/lib/avrxmega6\libm.a(fp_pscB.o)
                0x0000276c                __fp_pscB
 .text.avr-libc.fplib
                0x0000277a       0x50 c:/program files (x86)/atmel/studio/7.0/toolchain/avr8/avr8-gnu-toolchain/bin/../lib/gcc/avr/4.9.2/../../../../avr/lib/avrxmega6\libm.a(fp_rempio2.o)
                0x0000277c                __fp_rempio2
 .text.avr-libc.fplib
                0x000027ca       0x22 c:/program files (x86)/atmel/studio/7.0/toolchain/avr8/avr8-gnu-toolchain/bin/../lib/gcc/avr/4.9.2/../../../../avr/lib/avrxmega6\libm.a(fp_round.o)
                0x000027ca                __fp_round
 .text.avr-libc.fplib
                0x000027ec       0x22 c:/program files (x86)/atmel/studio/7.0/toolchain/avr8/avr8-gnu-toolchain/bin/../lib/gcc/avr/4.9.2/../../../../avr/lib/avrxmega6\libm.a(fp_sinus.o)
                0x000027ec                __fp_sinus
 .text.avr-libc.fplib
                0x0000280e       0x44 c:/program files (x86)/atmel/studio/7.0/toolchain/avr8/avr8-gnu-toolchain/bin/../lib/gcc/avr/4.9.2/../../../../avr/lib/avrxmega6\libm.a(fp_split3.o)
                0x0000280e                __fp_split3
                0x0000281e                __fp_splitA
 .text.avr-libc.fplib
                0x00002852        0xe c:/program files (x86)/atmel/studio/7.0/toolchain/avr8/avr8-gnu-toolchain/bin/../lib/gcc/avr/4.9.2/../../../../avr/lib/avrxmega6\libm.a(fp_zero.o)
                0x00002852                __fp_zero
                0x00002854                __fp_szero
 .text.avr-libc.fplib
                0x00002860        0x8 c:/program files (x86)/atmel/studio/7.0/toolchain/avr8/avr8-gnu-toolchain/bin/../lib/gcc/avr/4.9.2/../../../../avr/lib/avrxmega6\libm.a(gesf2.o)
                0x00002860                __gesf2
                0x00002860                __gtsf2
 .text.avr-libc.fplib
                0x00002868        0x4 c:/program files (x86)/atmel/studio/7.0/toolchain/avr8/avr8-gnu-toolchain/bin/../lib/gcc/avr/4.9.2/../../../../avr/lib/avrxmega6\libm.a(mulsf3.o)
                0x00002868                __mulsf3
 .text.avr-libc.fplib
                0x0000286c       0xc2 c:/program files (x86)/atmel/studio/7.0/toolchain/avr8/avr8-gnu-toolchain/bin/../lib/gcc/avr/4.9.2/../../../../avr/lib/avrxmega6\libm.a(mulsf3x.o)
                0x00002880                __mulsf3x
                0x00002884                __mulsf3_pse
 .text.avr-libc.fplib
                0x0000292e        0xc c:/program files (x86)/atmel/studio/7.0/toolchain/avr8/avr8-gnu-toolchain/bin/../lib/gcc/avr/4.9.2/../../../../avr/lib/avrxmega6\libm.a(sin.o)
                0x0000292e                sin
 .text.avr-libc.fplib
                0x0000293a       0x1c c:/program files (x86)/atmel/studio/7.0/toolchain/avr8/avr8-gnu-toolchain/bin/../lib/gcc/avr/4.9.2/../../../../avr/lib/avrxmega6\libm.a(fp_mpack.o)
                0x0000293a                __fp_mpack
                0x0000293e                __fp_mpack_finite
 .text.avr-libc.fplib
                0x00002956       0x22 c:/program files (x86)/atmel/studio/7.0/toolchain/avr8/avr8-gnu-toolchain/bin/../lib/gcc/avr/4.9.2/../../../../avr/lib/avrxmega6\libm.a(fp_powsodd.o)
                0x00002956                __fp_powsodd
 .text.avr-libc.fplib
                0x00002978       0x4a c:/program files (x86)/atmel/studio/7.0/toolchain/avr8/avr8-gnu-toolchain/bin/../lib/gcc/avr/4.9.2/../../../../avr/lib/avrxmega6\libm.a(fp_powser.o)
                0x00002978                __fp_powser
 .text.libgcc.div
                0x000029c2       0x26 c:/program files (x86)/atmel/studio/7.0/toolchain/avr8/avr8-gnu-toolchain/bin/../lib/gcc/avr/4.9.2/avrxmega6\libgcc.a(_divmodhi4.o)
                0x000029c2                _div
                0x000029c2                __divmodhi4
 .text.libgcc.mul
                0x000029e8       0x1e c:/program files (x86)/atmel/studio/7.0/toolchain/avr8/avr8-gnu-toolchain/bin/../lib/gcc/avr/4.9.2/avrxmega6\libgcc.a(_umulhisi3.o)
                0x000029e8                __umulhisi3
 .text.libgcc.builtins
                0x00002a06       0x32 c:/program files (x86)/atmel/studio/7.0/toolchain/avr8/avr8-gnu-toolchain/bin/../lib/gcc/avr/4.9.2/avrxmega6\libgcc.a(_ashldi3.o)
                0x00002a06                __ashldi3
 .text.libgcc   0x00002a38       0x12 c:/program files (x86)/atmel/studio/7.0/toolchain/avr8/avr8-gnu-toolchain/bin/../lib/gcc/avr/4.9.2/avrxmega6\libgcc.a(_adddi3.o)
                0x00002a38                __adddi3
 .text.libgcc.div
                0x00002a4a       0x28 c:/program files (x86)/atmel/studio/7.0/toolchain/avr8/avr8-gnu-toolchain/bin/../lib/gcc/avr/4.9.2/avrxmega6\libgcc.a(_udivmodhi4.o)
                0x00002a4a                __udivmodhi4
 .text.avr-libc
                0x00002a72      0x3d0 c:/program files (x86)/atmel/studio/7.0/toolchain/avr8/avr8-gnu-toolchain/bin/../lib/gcc/avr/4.9.2/../../../../avr/lib/avrxmega6\libc.a(vfprintf_std.o)
                0x00002a72                vfprintf
 .text.avr-libc
                0x00002e42       0x16 c:/program files (x86)/atmel/studio/7.0/toolchain/avr8/avr8-gnu-toolchain/bin/../lib/gcc/avr/4.9.2/../../../../avr/lib/avrxmega6\libc.a(strnlen_P.o)
                0x00002e42                strnlen_P
 .text.avr-libc
                0x00002e58       0x16 c:/program files (x86)/atmel/studio/7.0/toolchain/avr8/avr8-gnu-toolchain/bin/../lib/gcc/avr/4.9.2/../../../../avr/lib/avrxmega6\libc.a(strnlen.o)
                0x00002e58                strnlen
 .text.avr-libc
                0x00002e6e       0x70 c:/program files (x86)/atmel/studio/7.0/toolchain/avr8/avr8-gnu-toolchain/bin/../lib/gcc/avr/4.9.2/../../../../avr/lib/avrxmega6\libc.a(fputc.o)
                0x00002e6e                fputc
 .text.avr-libc
                0x00002ede       0xbc c:/program files (x86)/atmel/studio/7.0/toolchain/avr8/avr8-gnu-toolchain/bin/../lib/gcc/avr/4.9.2/../../../../avr/lib/avrxmega6\libc.a(ultoa_invert.o)
                0x00002ede                __ultoa_invert
                0x00002f9a                . = ALIGN (0x2)
 *(.fini9)
 .fini9         0x00002f9a        0x0 c:/program files (x86)/atmel/studio/7.0/toolchain/avr8/avr8-gnu-toolchain/bin/../lib/gcc/avr/4.9.2/avrxmega6\libgcc.a(_exit.o)
                0x00002f9a                _exit
                0x00002f9a                exit
 *(.fini9)
 *(.fini8)
 *(.fini8)
 *(.fini7)
 *(.fini7)
 *(.fini6)
 *(.fini6)
 *(.fini5)
 *(.fini5)
 *(.fini4)
 *(.fini4)
 *(.fini3)
 *(.fini3)
 *(.fini2)
 *(.fini2)
 *(.fini1)
 *(.fini1)
 *(.fini0)
 .fini0         0x00002f9a        0x4 c:/program files (x86)/atmel/studio/7.0/toolchain/avr8/avr8-gnu-toolchain/bin/../lib/gcc/avr/4.9.2/avrxmega6\libgcc.a(_exit.o)
 *(.fini0)
                0x00002f9e                _etext = .

.data           0x00802000       0x68 load address 0x00002f9e
                0x00802000                PROVIDE (__data_start, .)
 *(.data)
 *(.data*)
 .data.regT_D   0x00802000        0x4 main.o
                0x00802000                regT_D
 .data.regT_I   0x00802004        0x4 main.o
                0x00802004                regT_I
 .data.regT_P   0x00802008        0x4 main.o
                0x00802008                regT_P
 .data.regV_D   0x0080200c        0x4 main.o
                0x0080200c                regV_D
 .data.regV_I   0x00802010        0x4 main.o
                0x00802010                regV_I
 .data.regV_P   0x00802014        0x4 main.o
                0x00802014                regV_P
 .data.przyspT_8
                0x00802018        0x4 NewControl.o
                0x00802018                przyspT_8
 .data.przysp_8
                0x0080201c        0x2 NewControl.o
                0x0080201c                przysp_8
 .data.next_V_8
                0x0080201e        0x2 NewControl.o
                0x0080201e                next_V_8
 .data.docelowa_T_8
                0x00802020        0x2 NewControl.o
                0x00802020                docelowa_T_8
 .data.docelowa_V_8
                0x00802022        0x2 NewControl.o
                0x00802022                docelowa_V_8
 *(.rodata)
 .rodata        0x00802024       0x44 NewControl.o
 *(.rodata*)
 *(.gnu.linkonce.d*)
                0x00802068                . = ALIGN (0x2)
                0x00802068                _edata = .
                0x00802068                PROVIDE (__data_end, .)

.bss            0x00802068      0xe7b
                0x00802068                PROVIDE (__bss_start, .)
 *(.bss)
 *(.bss*)
 .bss.refL      0x00802068        0x2 main.o
                0x00802068                refL
 .bss.refR      0x0080206a        0x2 main.o
                0x0080206a                refR
 .bss.pred      0x0080206c        0x2 main.o
                0x0080206c                pred
 .bss.roznica   0x0080206e        0x2 main.o
                0x0080206e                roznica
 .bss.enk_sumT  0x00802070        0x4 NewControl.o
                0x00802070                enk_sumT
 .bss.enk_sumS  0x00802074        0x4 NewControl.o
                0x00802074                enk_sumS
 .bss.regT_prevE
                0x00802078        0x4 NewControl.o
                0x00802078                regT_prevE
 .bss.regV_prevE
                0x0080207c        0x4 NewControl.o
                0x0080207c                regV_prevE
 .bss.stan      0x00802080        0x2 NewControl.o
                0x00802080                stan
 .bss.stan_T    0x00802082        0x2 NewControl.o
                0x00802082                stan_T
 .bss.target_T  0x00802084        0x2 NewControl.o
                0x00802084                target_T
 .bss.aktualna_V_8
                0x00802086        0x2 NewControl.o
                0x00802086                aktualna_V_8
 .bss.reg_newPWMP
                0x00802088        0x2 NewControl.o
                0x00802088                reg_newPWMP
 .bss.reg_newPWML
                0x0080208a        0x2 NewControl.o
                0x0080208a                reg_newPWML
 .bss.regT_aktE
                0x0080208c        0x2 NewControl.o
                0x0080208c                regT_aktE
 .bss.target_S  0x0080208e        0x2 NewControl.o
                0x0080208e                target_S
 .bss.aktualna_T_8
                0x00802090        0x2 NewControl.o
                0x00802090                aktualna_T_8
 *(COMMON)
 COMMON         0x00802092      0x60f algorithms.o
                0x00802092                path
                0x00802292                labposx
                0x00802293                adc_result_LF
                0x00802295                discovered
                0x00802395                old_enk_r
                0x00802397                labposy
                0x00802398                adc_result_RF
                0x0080239a                pathlength
                0x0080239b                tr_paths
                0x0080249b                adc_result_LD
                0x0080249d                old_enk_l
                0x0080249f                distances
                0x0080259f                adc_result_RD
                0x008025a1                labyrinth
 COMMON         0x008026a1       0x38 rightHand.o
                0x008026a1                pomiarfr
                0x008026a3                kalibracja
                0x008026a5                par
                0x008026b5                des_vr
                0x008026b9                regV_aktE
                0x008026bb                gyro
                0x008026bf                des_vl
                0x008026c3                kali_obrot
                0x008026c5                pomiarfl
                0x008026c7                flaga_czuj
                0x008026c9                sum2
                0x008026cb                enkr
                0x008026cf                enkl
                0x008026d3                pomiarr
                0x008026d5                pomiarl
                0x008026d7                kal_count
                0x008026d8                moves_flags
 COMMON         0x008026d9      0x80a main.o
                0x008026d9                tabsend
                0x00802ea9                pomiary
                0x00802ed1                roznica_czujnikow
                0x00802ed3                roznica_ch
                0x00802edb                pred_ch
                0x00802ee3                PROVIDE (__bss_end, .)
                0x00002f9e                __data_load_start = LOADADDR (.data)
                0x00003006                __data_load_end = (__data_load_start + SIZEOF (.data))

.noinit         0x00802ee3        0x0
                [!provide]                PROVIDE (__noinit_start, .)
 *(.noinit*)
                [!provide]                PROVIDE (__noinit_end, .)
                0x00802ee3                _end = .
                [!provide]                PROVIDE (__heap_start, .)

.eeprom         0x00810000        0x0
 *(.eeprom*)
                0x00810000                __eeprom_end = .

.fuse
 *(.fuse)
 *(.lfuse)
 *(.hfuse)
 *(.efuse)

.lock
 *(.lock*)

.signature
 *(.signature*)

.user_signatures
 *(.user_signatures*)

.stab
 *(.stab)

.stabstr
 *(.stabstr)

.stab.excl
 *(.stab.excl)

.stab.exclstr
 *(.stab.exclstr)

.stab.index
 *(.stab.index)

.stab.indexstr
 *(.stab.indexstr)

.comment        0x00000000       0x5c
 *(.comment)
 .comment       0x00000000       0x30 algorithms.o
                                 0x31 (size before relaxing)
 .comment       0x00000030       0x31 bluetooth.o
 .comment       0x00000030       0x31 rightHand.o
 .comment       0x00000030       0x31 gyro.o
 .comment       0x00000030       0x31 hd44780.o
 .comment       0x00000030       0x31 libs.o
 .comment       0x00000030       0x31 main.o
 .comment       0x00000030       0x31 NewControl.o
 .comment       0x00000030       0x31 pos_dir_enc.o
 .comment       0x00000030       0x2c c:/program files (x86)/atmel/studio/7.0/toolchain/avr8/avr8-gnu-toolchain/bin/../lib/gcc/avr/4.9.2/../../../../avr/lib/avrxmega6\libc.a(vfprintf_std.o)
                                 0x2d (size before relaxing)
 .comment       0x0000005c       0x31 c:/program files (x86)/atmel/studio/7.0/toolchain/avr8/avr8-gnu-toolchain/bin/../lib/gcc/avr/4.9.2/../../../../avr/lib/avrxmega6\libc.a(fputc.o)

.note.gnu.avr.deviceinfo
                0x00000000       0x40
 .note.gnu.avr.deviceinfo
                0x00000000       0x40 c:/program files (x86)/atmel/studio/7.0/toolchain/avr8/avr8-gnu-toolchain/bin/../lib/gcc/avr/4.9.2/../../../../avr/lib/avrxmega6/crtatxmega128a3u.o

.note.gnu.build-id
 *(.note.gnu.build-id)

.debug
 *(.debug)

.line
 *(.line)

.debug_srcinfo
 *(.debug_srcinfo)

.debug_sfnames
 *(.debug_sfnames)

.debug_aranges  0x00000000      0x338
 *(.debug_aranges)
 .debug_aranges
                0x00000000       0x80 algorithms.o
 .debug_aranges
                0x00000080       0x38 bluetooth.o
 .debug_aranges
                0x000000b8       0x20 rightHand.o
 .debug_aranges
                0x000000d8       0x48 gyro.o
 .debug_aranges
                0x00000120       0x68 hd44780.o
 .debug_aranges
                0x00000188       0xa0 libs.o
 .debug_aranges
                0x00000228       0x70 main.o
 .debug_aranges
                0x00000298       0x80 NewControl.o
 .debug_aranges
                0x00000318       0x20 pos_dir_enc.o

.debug_pubnames
 *(.debug_pubnames)

.debug_info     0x00000000     0xa347
 *(.debug_info .gnu.linkonce.wi.*)
 .debug_info    0x00000000     0x3409 c:/program files (x86)/atmel/studio/7.0/toolchain/avr8/avr8-gnu-toolchain/bin/../lib/gcc/avr/4.9.2/../../../../avr/lib/avrxmega6/crtatxmega128a3u.o
 .debug_info    0x00003409      0xa0f algorithms.o
 .debug_info    0x00003e18      0x261 bluetooth.o
 .debug_info    0x00004079      0x6a9 rightHand.o
 .debug_info    0x00004722      0x693 gyro.o
 .debug_info    0x00004db5      0x767 hd44780.o
 .debug_info    0x0000551c     0x28b4 libs.o
 .debug_info    0x00007dd0     0x1529 main.o
 .debug_info    0x000092f9      0xd08 NewControl.o
 .debug_info    0x0000a001      0x346 pos_dir_enc.o

.debug_abbrev   0x00000000     0x450b
 *(.debug_abbrev)
 .debug_abbrev  0x00000000     0x3148 c:/program files (x86)/atmel/studio/7.0/toolchain/avr8/avr8-gnu-toolchain/bin/../lib/gcc/avr/4.9.2/../../../../avr/lib/avrxmega6/crtatxmega128a3u.o
 .debug_abbrev  0x00003148      0x222 algorithms.o
 .debug_abbrev  0x0000336a      0x153 bluetooth.o
 .debug_abbrev  0x000034bd      0x18d rightHand.o
 .debug_abbrev  0x0000364a      0x197 gyro.o
 .debug_abbrev  0x000037e1      0x1f7 hd44780.o
 .debug_abbrev  0x000039d8      0x3f0 libs.o
 .debug_abbrev  0x00003dc8      0x2f5 main.o
 .debug_abbrev  0x000040bd      0x318 NewControl.o
 .debug_abbrev  0x000043d5      0x136 pos_dir_enc.o

.debug_line     0x00000000     0x3a97
 *(.debug_line .debug_line.* .debug_line_end)
 .debug_line    0x00000000       0x1a c:/program files (x86)/atmel/studio/7.0/toolchain/avr8/avr8-gnu-toolchain/bin/../lib/gcc/avr/4.9.2/../../../../avr/lib/avrxmega6/crtatxmega128a3u.o
 .debug_line    0x0000001a      0xcdd algorithms.o
 .debug_line    0x00000cf7      0x33c bluetooth.o
 .debug_line    0x00001033      0x3cd rightHand.o
 .debug_line    0x00001400      0x436 gyro.o
 .debug_line    0x00001836      0x4e9 hd44780.o
 .debug_line    0x00001d1f      0xb3c libs.o
 .debug_line    0x0000285b      0x5bd main.o
 .debug_line    0x00002e18      0x917 NewControl.o
 .debug_line    0x0000372f      0x368 pos_dir_enc.o

.debug_frame    0x00000000      0xc64
 *(.debug_frame)
 .debug_frame   0x00000000      0x1d8 algorithms.o
 .debug_frame   0x000001d8       0x60 bluetooth.o
 .debug_frame   0x00000238       0x24 rightHand.o
 .debug_frame   0x0000025c       0xa4 gyro.o
 .debug_frame   0x00000300      0x130 hd44780.o
 .debug_frame   0x00000430      0x268 libs.o
 .debug_frame   0x00000698      0x2b0 main.o
 .debug_frame   0x00000948      0x2a0 NewControl.o
 .debug_frame   0x00000be8       0x7c pos_dir_enc.o

.debug_str      0x00000000    0x216d7
 *(.debug_str)
 .debug_str     0x00000000     0x223b c:/program files (x86)/atmel/studio/7.0/toolchain/avr8/avr8-gnu-toolchain/bin/../lib/gcc/avr/4.9.2/../../../../avr/lib/avrxmega6/crtatxmega128a3u.o
 .debug_str     0x0000223b    0x1ba6e algorithms.o
                              0x1bfe2 (size before relaxing)
 .debug_str     0x0001dca9      0x117 bluetooth.o
                              0x18fd2 (size before relaxing)
 .debug_str     0x0001ddc0     0x1166 rightHand.o
                              0x1cfa4 (size before relaxing)
 .debug_str     0x0001ef26      0x362 gyro.o
                              0x1cf46 (size before relaxing)
 .debug_str     0x0001f288       0xd7 hd44780.o
                              0x1b8d8 (size before relaxing)
 .debug_str     0x0001f35f     0x20ca libs.o
                              0x1ef06 (size before relaxing)
 .debug_str     0x00021429      0x1a1 main.o
                              0x1d5b5 (size before relaxing)
 .debug_str     0x000215ca       0xe5 NewControl.o
                              0x1d0f6 (size before relaxing)
 .debug_str     0x000216af       0x28 pos_dir_enc.o
                              0x1cca4 (size before relaxing)

.debug_loc      0x00000000     0x3271
 *(.debug_loc)
 .debug_loc     0x00000000      0xcb8 algorithms.o
 .debug_loc     0x00000cb8       0x65 bluetooth.o
 .debug_loc     0x00000d1d       0x2e rightHand.o
 .debug_loc     0x00000d4b      0x184 gyro.o
 .debug_loc     0x00000ecf      0x423 hd44780.o
 .debug_loc     0x000012f2      0x832 libs.o
 .debug_loc     0x00001b24      0x621 main.o
 .debug_loc     0x00002145      0xb89 NewControl.o
 .debug_loc     0x00002cce      0x5a3 pos_dir_enc.o

.debug_macinfo
 *(.debug_macinfo)

.debug_weaknames
 *(.debug_weaknames)

.debug_funcnames
 *(.debug_funcnames)

.debug_typenames
 *(.debug_typenames)

.debug_varnames
 *(.debug_varnames)

.debug_pubtypes
 *(.debug_pubtypes)

.debug_ranges   0x00000000      0x2f0
 *(.debug_ranges)
 .debug_ranges  0x00000000       0x70 algorithms.o
 .debug_ranges  0x00000070       0x28 bluetooth.o
 .debug_ranges  0x00000098       0x10 rightHand.o
 .debug_ranges  0x000000a8       0x38 gyro.o
 .debug_ranges  0x000000e0       0x70 hd44780.o
 .debug_ranges  0x00000150       0xc0 libs.o
 .debug_ranges  0x00000210       0x60 main.o
 .debug_ranges  0x00000270       0x70 NewControl.o
 .debug_ranges  0x000002e0       0x10 pos_dir_enc.o

.debug_macro    0x00000000     0x85e3
 *(.debug_macro)
 .debug_macro   0x00000000      0x100 algorithms.o
 .debug_macro   0x00000100      0xa7e algorithms.o
 .debug_macro   0x00000b7e       0x10 algorithms.o
 .debug_macro   0x00000b8e      0x1c9 algorithms.o
 .debug_macro   0x00000d57      0x2fc algorithms.o
 .debug_macro   0x00001053       0x9e algorithms.o
 .debug_macro   0x000010f1     0x5e2d algorithms.o
 .debug_macro   0x00006f1e       0x9a algorithms.o
 .debug_macro   0x00006fb8       0xf1 algorithms.o
 .debug_macro   0x000070a9       0x34 algorithms.o
 .debug_macro   0x000070dd       0x10 algorithms.o
 .debug_macro   0x000070ed       0x18 algorithms.o
 .debug_macro   0x00007105       0x5e algorithms.o
 .debug_macro   0x00007163       0x10 algorithms.o
 .debug_macro   0x00007173      0x166 algorithms.o
 .debug_macro   0x000072d9       0x69 algorithms.o
 .debug_macro   0x00007342       0x10 algorithms.o
 .debug_macro   0x00007352       0x89 algorithms.o
 .debug_macro   0x000073db      0x17b algorithms.o
 .debug_macro   0x00007556       0xef algorithms.o
 .debug_macro   0x00007645       0xf4 algorithms.o
 .debug_macro   0x00007739       0x10 algorithms.o
 .debug_macro   0x00007749       0x3a algorithms.o
 .debug_macro   0x00007783       0x6a algorithms.o
 .debug_macro   0x000077ed       0xba bluetooth.o
 .debug_macro   0x000078a7      0x15d rightHand.o
 .debug_macro   0x00007a04       0x3a rightHand.o
 .debug_macro   0x00007a3e      0x398 rightHand.o
 .debug_macro   0x00007dd6       0x10 rightHand.o
 .debug_macro   0x00007de6       0x2e rightHand.o
 .debug_macro   0x00007e14       0x10 rightHand.o
 .debug_macro   0x00007e24      0x105 gyro.o
 .debug_macro   0x00007f29       0xd2 hd44780.o
 .debug_macro   0x00007ffb       0x10 hd44780.o
 .debug_macro   0x0000800b       0xe8 hd44780.o
 .debug_macro   0x000080f3      0x10d libs.o
 .debug_macro   0x00008200      0x16a main.o
 .debug_macro   0x0000836a       0x1c main.o
 .debug_macro   0x00008386      0x14f NewControl.o
 .debug_macro   0x000084d5      0x10e pos_dir_enc.o
OUTPUT(micromouse.elf elf32-avr)
LOAD linker stubs
