Archive member included to satisfy reference by file (symbol)

c:/program files (x86)/atmel/studio/7.0/toolchain/avr8/avr8-gnu-toolchain/bin/../lib/gcc/avr/5.4.0/../../../../avr/lib/avrxmega6\libm.a(addsf3.o)
                              rightHand.o (__subsf3)
c:/program files (x86)/atmel/studio/7.0/toolchain/avr8/avr8-gnu-toolchain/bin/../lib/gcc/avr/5.4.0/../../../../avr/lib/avrxmega6\libm.a(addsf3x.o)
                              c:/program files (x86)/atmel/studio/7.0/toolchain/avr8/avr8-gnu-toolchain/bin/../lib/gcc/avr/5.4.0/../../../../avr/lib/avrxmega6\libm.a(addsf3.o) (__addsf3x)
c:/program files (x86)/atmel/studio/7.0/toolchain/avr8/avr8-gnu-toolchain/bin/../lib/gcc/avr/5.4.0/../../../../avr/lib/avrxmega6\libm.a(cmpsf2.o)
                              NewControl.o (__eqsf2)
c:/program files (x86)/atmel/studio/7.0/toolchain/avr8/avr8-gnu-toolchain/bin/../lib/gcc/avr/5.4.0/../../../../avr/lib/avrxmega6\libm.a(cos.o)
                              pos_dir_enc.o (cos)
c:/program files (x86)/atmel/studio/7.0/toolchain/avr8/avr8-gnu-toolchain/bin/../lib/gcc/avr/5.4.0/../../../../avr/lib/avrxmega6\libm.a(divsf3.o)
                              NewControl.o (__divsf3)
c:/program files (x86)/atmel/studio/7.0/toolchain/avr8/avr8-gnu-toolchain/bin/../lib/gcc/avr/5.4.0/../../../../avr/lib/avrxmega6\libm.a(divsf3x.o)
                              c:/program files (x86)/atmel/studio/7.0/toolchain/avr8/avr8-gnu-toolchain/bin/../lib/gcc/avr/5.4.0/../../../../avr/lib/avrxmega6\libm.a(divsf3.o) (__divsf3x)
c:/program files (x86)/atmel/studio/7.0/toolchain/avr8/avr8-gnu-toolchain/bin/../lib/gcc/avr/5.4.0/../../../../avr/lib/avrxmega6\libm.a(fixsfsi.o)
                              main.o (__fixsfsi)
c:/program files (x86)/atmel/studio/7.0/toolchain/avr8/avr8-gnu-toolchain/bin/../lib/gcc/avr/5.4.0/../../../../avr/lib/avrxmega6\libm.a(fixunssfsi.o)
                              c:/program files (x86)/atmel/studio/7.0/toolchain/avr8/avr8-gnu-toolchain/bin/../lib/gcc/avr/5.4.0/../../../../avr/lib/avrxmega6\libm.a(fixsfsi.o) (__fixunssfsi)
c:/program files (x86)/atmel/studio/7.0/toolchain/avr8/avr8-gnu-toolchain/bin/../lib/gcc/avr/5.4.0/../../../../avr/lib/avrxmega6\libm.a(floatdisf.o)
                              gyro.o (__floatdisf)
c:/program files (x86)/atmel/studio/7.0/toolchain/avr8/avr8-gnu-toolchain/bin/../lib/gcc/avr/5.4.0/../../../../avr/lib/avrxmega6\libm.a(floatsisf.o)
                              NewControl.o (__floatunsisf)
c:/program files (x86)/atmel/studio/7.0/toolchain/avr8/avr8-gnu-toolchain/bin/../lib/gcc/avr/5.4.0/../../../../avr/lib/avrxmega6\libm.a(floatundisf.o)
                              c:/program files (x86)/atmel/studio/7.0/toolchain/avr8/avr8-gnu-toolchain/bin/../lib/gcc/avr/5.4.0/../../../../avr/lib/avrxmega6\libm.a(floatdisf.o) (__fp_di2sf)
c:/program files (x86)/atmel/studio/7.0/toolchain/avr8/avr8-gnu-toolchain/bin/../lib/gcc/avr/5.4.0/../../../../avr/lib/avrxmega6\libm.a(fp_cmp.o)
                              c:/program files (x86)/atmel/studio/7.0/toolchain/avr8/avr8-gnu-toolchain/bin/../lib/gcc/avr/5.4.0/../../../../avr/lib/avrxmega6\libm.a(cmpsf2.o) (__fp_cmp)
c:/program files (x86)/atmel/studio/7.0/toolchain/avr8/avr8-gnu-toolchain/bin/../lib/gcc/avr/5.4.0/../../../../avr/lib/avrxmega6\libm.a(fp_inf.o)
                              c:/program files (x86)/atmel/studio/7.0/toolchain/avr8/avr8-gnu-toolchain/bin/../lib/gcc/avr/5.4.0/../../../../avr/lib/avrxmega6\libm.a(addsf3x.o) (__fp_inf)
c:/program files (x86)/atmel/studio/7.0/toolchain/avr8/avr8-gnu-toolchain/bin/../lib/gcc/avr/5.4.0/../../../../avr/lib/avrxmega6\libm.a(fp_nan.o)
                              c:/program files (x86)/atmel/studio/7.0/toolchain/avr8/avr8-gnu-toolchain/bin/../lib/gcc/avr/5.4.0/../../../../avr/lib/avrxmega6\libm.a(addsf3x.o) (__fp_nan)
c:/program files (x86)/atmel/studio/7.0/toolchain/avr8/avr8-gnu-toolchain/bin/../lib/gcc/avr/5.4.0/../../../../avr/lib/avrxmega6\libm.a(fp_negdi.o)
                              c:/program files (x86)/atmel/studio/7.0/toolchain/avr8/avr8-gnu-toolchain/bin/../lib/gcc/avr/5.4.0/../../../../avr/lib/avrxmega6\libm.a(floatdisf.o) (__fp_negdi)
c:/program files (x86)/atmel/studio/7.0/toolchain/avr8/avr8-gnu-toolchain/bin/../lib/gcc/avr/5.4.0/../../../../avr/lib/avrxmega6\libm.a(fp_pscA.o)
                              c:/program files (x86)/atmel/studio/7.0/toolchain/avr8/avr8-gnu-toolchain/bin/../lib/gcc/avr/5.4.0/../../../../avr/lib/avrxmega6\libm.a(addsf3x.o) (__fp_pscA)
c:/program files (x86)/atmel/studio/7.0/toolchain/avr8/avr8-gnu-toolchain/bin/../lib/gcc/avr/5.4.0/../../../../avr/lib/avrxmega6\libm.a(fp_pscB.o)
                              c:/program files (x86)/atmel/studio/7.0/toolchain/avr8/avr8-gnu-toolchain/bin/../lib/gcc/avr/5.4.0/../../../../avr/lib/avrxmega6\libm.a(addsf3x.o) (__fp_pscB)
c:/program files (x86)/atmel/studio/7.0/toolchain/avr8/avr8-gnu-toolchain/bin/../lib/gcc/avr/5.4.0/../../../../avr/lib/avrxmega6\libm.a(fp_rempio2.o)
[...]
Memory Configuration

Name             Origin             Length             Attributes
text             0x00000000         0x00100000         xr
data             0x00802000         0x0000ffa0         rw !x
eeprom           0x00810000         0x00010000         rw !x
fuse             0x00820000         0x00000006         rw !x
lock             0x00830000         0x00000400         rw !x
signature        0x00840000         0x00000400         rw !x
user_signatures  0x00850000         0x00000400         rw !x
*default*        0x00000000         0xffffffff

Linker script and memory map

LOAD C:/Program Files (x86)/Atmel/Studio/7.0/Packs/atmel/XMEGAA_DFP/1.1.68/gcc/dev/atxmega128a3u/avrxmega6/crtatxmega128a3u.o
LOAD algorithms.o
LOAD bluetooth.o
LOAD rightHand.o
LOAD gyro.o
LOAD hd44780.o
LOAD libs.o
LOAD main.o
LOAD NewControl.o
LOAD pid.o
LOAD pomiar.o
LOAD pos_dir_enc.o
LOAD real_alg.o
LOAD src/ASF/common/boards/user_board/init.o
START GROUP
LOAD c:/program files (x86)/atmel/studio/7.0/toolchain/avr8/avr8-gnu-toolchain/bin/../lib/gcc/avr/5.4.0/../../../../avr/lib/avrxmega6\libm.a
END GROUP
START GROUP
LOAD c:/program files (x86)/atmel/studio/7.0/toolchain/avr8/avr8-gnu-toolchain/bin/../lib/gcc/avr/5.4.0/avrxmega6\libgcc.a
LOAD c:/program files (x86)/atmel/studio/7.0/toolchain/avr8/avr8-gnu-toolchain/bin/../lib/gcc/avr/5.4.0/../../../../avr/lib/avrxmega6\libm.a
LOAD c:/program files (x86)/atmel/studio/7.0/toolchain/avr8/avr8-gnu-toolchain/bin/../lib/gcc/avr/5.4.0/../../../../avr/lib/avrxmega6\libc.a
LOAD C:/Program Files (x86)/Atmel/Studio/7.0/Packs/atmel/XMEGAA_DFP/1.1.68/gcc/dev/atxmega128a3u/avrxmega6\libatxmega128a3u.a
END GROUP
                0x00100000                __TEXT_REGION_LENGTH__ = DEFINED (__TEXT_REGION_LENGTH__)?__TEXT_REGION_LENGTH__:0x100000
                0x0000ffa0                __DATA_REGION_LENGTH__ = DEFINED (__DATA_REGION_LENGTH__)?__DATA_REGION_LENGTH__:0xffa0
                0x00010000                __EEPROM_REGION_LENGTH__ = DEFINED (__EEPROM_REGION_LENGTH__)?__EEPROM_REGION_LENGTH__:0x10000
                [0x00000006]                __FUSE_REGION_LENGTH__ = DEFINED (__FUSE_REGION_LENGTH__)?__FUSE_REGION_LENGTH__:0x400
                0x00000400                __LOCK_REGION_LENGTH__ = DEFINED (__LOCK_REGION_LENGTH__)?__LOCK_REGION_LENGTH__:0x400
                0x00000400                __SIGNATURE_REGION_LENGTH__ = DEFINED (__SIGNATURE_REGION_LENGTH__)?__SIGNATURE_REGION_LENGTH__:0x400
                0x00000400                __USER_SIGNATURE_REGION_LENGTH__ = DEFINED (__USER_SIGNATURE_REGION_LENGTH__)?__USER_SIGNATURE_REGION_LENGTH__:0x400

.hash
 *(.hash)

.dynsym
 *(.dynsym)

.dynstr
 *(.dynstr)

.gnu.version
 *(.gnu.version)

.gnu.version_d
 *(.gnu.version_d)

.gnu.version_r
 *(.gnu.version_r)

.rel.init
 *(.rel.init)

.rela.init
 *(.rela.init)

.rel.text
 *(.rel.text)
 *(.rel.text.*)
 *(.rel.gnu.linkonce.t*)

.rela.text
 *(.rela.text)
 *(.rela.text.*)
 *(.rela.gnu.linkonce.t*)

.rel.fini
 *(.rel.fini)

.rela.fini
 *(.rela.fini)

.rel.rodata
 *(.rel.rodata)
 *(.rel.rodata.*)
 *(.rel.gnu.linkonce.r*)

.rela.rodata
 *(.rela.rodata)
 *(.rela.rodata.*)
 *(.rela.gnu.linkonce.r*)

.rel.data
 *(.rel.data)
 *(.rel.data.*)
 *(.rel.gnu.linkonce.d*)

.rela.data
 *(.rela.data)
 *(.rela.data.*)
 *(.rela.gnu.linkonce.d*)

.rel.ctors
 *(.rel.ctors)

.rela.ctors
 *(.rela.ctors)

.rel.dtors
 *(.rel.dtors)

.rela.dtors
 *(.rela.dtors)

.rel.got
 *(.rel.got)

.rela.got
 *(.rela.got)

.rel.bss
 *(.rel.bss)

.rela.bss
 *(.rela.bss)

.rel.plt
 *(.rel.plt)

.rela.plt
 *(.rela.plt)

.text           0x00000000     0x2d84
 *(.vectors)
 .vectors       0x00000000      0x1fc C:/Program Files (x86)/Atmel/Studio/7.0/Packs/atmel/XMEGAA_DFP/1.1.68/gcc/dev/atxmega128a3u/avrxmega6/crtatxmega128a3u.o
                0x00000000                __vector_default
                0x00000000                __vectors
 *(.vectors)
 *(.progmem.gcc*)
 .progmem.gcc_fplib
                0x000001fc       0x1e c:/program files (x86)/atmel/studio/7.0/toolchain/avr8/avr8-gnu-toolchain/bin/../lib/gcc/avr/5.4.0/../../../../avr/lib/avrxmega6\libm.a(fp_sinus.o)
                0x0000021a                . = ALIGN (0x2)
                0x0000021a                __trampolines_start = .
 *(.trampolines)
 .trampolines   0x0000021a        0x0 linker stubs
 *(.trampolines*)
                0x0000021a                __trampolines_end = .
 *libprintf_flt.a:*(.progmem.data)
 *libc.a:*(.progmem.data)
 *(.progmem*)
 .progmem.data.__c.4363
                0x0000021a        0xe libs.o
 .progmem.data.__c.4594
                0x00000228        0x8 main.o
                0x00000230                . = ALIGN (0x2)
 *(.jumptables)
 *(.jumptables*)
 *(.lowtext)
 *(.lowtext*)
                0x00000230                __ctors_start = .
 *(.ctors)
                0x00000230                __ctors_end = .
                0x00000230                __dtors_start = .
 *(.dtors)
                0x00000230                __dtors_end = .
 SORT(*)(.ctors)
 SORT(*)(.dtors)
 *(.init0)
 .init0         0x00000230        0x0 C:/Program Files (x86)/Atmel/Studio/7.0/Packs/atmel/XMEGAA_DFP/1.1.68/gcc/dev/atxmega128a3u/avrxmega6/crtatxmega128a3u.o
                0x00000230                __init
 *(.init0)
 *(.init1)
 *(.init1)
 *(.init2)
 .init2         0x00000230       0x10 C:/Program Files (x86)/Atmel/Studio/7.0/Packs/atmel/XMEGAA_DFP/1.1.68/gcc/dev/atxmega128a3u/avrxmega6/crtatxmega128a3u.o
 *(.init2)
 *(.init3)
 *(.init3)
 *(.init4)
 .init4         0x00000240       0x1a c:/program files (x86)/atmel/studio/7.0/toolchain/avr8/avr8-gnu-toolchain/bin/../lib/gcc/avr/5.4.0/avrxmega6\libgcc.a(_copy_data.o)
                0x00000240                __do_copy_data
 .init4         0x0000025a       0x10 c:/program files (x86)/atmel/studio/7.0/toolchain/avr8/avr8-gnu-toolchain/bin/../lib/gcc/avr/5.4.0/avrxmega6\libgcc.a(_clear_bss.o)
                0x0000025a                __do_clear_bss
 *(.init4)
 *(.init5)
 *(.init5)
 *(.init6)
 *(.init6)
 *(.init7)
 *(.init7)
 *(.init8)
 *(.init8)
 *(.init9)
 .init9         0x0000026a        0x8 C:/Program Files (x86)/Atmel/Studio/7.0/Packs/atmel/XMEGAA_DFP/1.1.68/gcc/dev/atxmega128a3u/avrxmega6/crtatxmega128a3u.o
 *(.init9)
 *(.text)
 .text          0x00000272        0x2 C:/Program Files (x86)/Atmel/Studio/7.0/Packs/atmel/XMEGAA_DFP/1.1.68/gcc/dev/atxmega128a3u/avrxmega6/crtatxmega128a3u.o
                0x00000272                __vector_38
                0x00000272                __vector_22
                0x00000272                __vector_63
                0x00000272                __vector_28
                0x00000272                __vector_67
                0x00000272                __vector_119
                0x00000272                __vector_32
                0x00000272                __vector_75
                0x00000272                __vector_71
                0x00000272                __vector_91
                0x00000272                __vector_34
                0x00000272                __vector_62
                0x00000272                __vector_77
                0x00000272                __vector_102
                0x00000272                __vector_24
                0x00000272                __vector_12
                0x00000272                __vector_55
                0x00000272                __vector_69
                0x00000272                __vector_81
                0x00000272                __vector_90
                0x00000272                __vector_46
                0x00000272                __bad_interrupt
                0x00000272                __vector_122
                0x00000272                __vector_72
                0x00000272                __vector_114
                0x00000272                __vector_6
                0x00000272                __vector_110
                0x00000272                __vector_31
                0x00000272                __vector_92
                0x00000272                __vector_35
                0x00000272                __vector_78
                0x00000272                __vector_74
                0x00000272                __vector_117
                0x00000272                __vector_107
                0x00000272                __vector_3
                0x00000272                __vector_98
                0x00000272                __vector_23
                0x00000272                __vector_30
                0x00000272                __vector_73
                0x00000272                __vector_45
                0x00000272                __vector_25
                0x00000272                __vector_93
                0x00000272                __vector_61
                0x00000272                __vector_11
                0x00000272                __vector_54
                0x00000272                __vector_99
                0x00000272                __vector_13
                0x00000272                __vector_17
                0x00000272                __vector_19
                0x00000272                __vector_56
                0x00000272                __vector_7
                0x00000272                __vector_125
                0x00000272                __vector_49
                0x00000272                __vector_123
                0x00000272                __vector_86
                0x00000272                __vector_100
                0x00000272                __vector_101
                0x00000272                __vector_64
                0x00000272                __vector_88
                0x00000272                __vector_109
                0x00000272                __vector_43
                0x00000272                __vector_27
                0x00000272                __vector_5
                0x00000272                __vector_113
                0x00000272                __vector_33
                0x00000272                __vector_76
                0x00000272                __vector_115
                0x00000272                __vector_47
                0x00000272                __vector_52
                0x00000272                __vector_37
                0x00000272                __vector_95
                0x00000272                __vector_103
                0x00000272                __vector_96
                0x00000272                __vector_89
                0x00000272                __vector_108
                0x00000272                __vector_4
                0x00000272                __vector_44
                0x00000272                __vector_82
                0x00000272                __vector_106
                0x00000272                __vector_118
                0x00000272                __vector_51
                0x00000272                __vector_9
                0x00000272                __vector_2
                0x00000272                __vector_21
                0x00000272                __vector_15
                0x00000272                __vector_66
                0x00000272                __vector_36
                0x00000272                __vector_79
                0x00000272                __vector_58
                0x00000272                __vector_70
                0x00000272                __vector_29
                0x00000272                __vector_60
                0x00000272                __vector_121
                0x00000272                __vector_85
                0x00000272                __vector_94
                0x00000272                __vector_126
                0x00000272                __vector_8
                0x00000272                __vector_26
                0x00000272                __vector_48
                0x00000272                __vector_124
                0x00000272                __vector_116
                0x00000272                __vector_112
                0x00000272                __vector_111
                0x00000272                __vector_80
                0x00000272                __vector_14
                0x00000272                __vector_84
                0x00000272                __vector_57
                0x00000272                __vector_53
                0x00000272                __vector_10
                0x00000272                __vector_50
                0x00000272                __vector_16
                0x00000272                __vector_59
                0x00000272                __vector_18
                0x00000272                __vector_97
                0x00000272                __vector_87
                0x00000272                __vector_65
                0x00000272                __vector_120
                0x00000274                . = ALIGN (0x2)
 *(.text.*)
 .text.bluetooth_init
                0x00000274       0x2a bluetooth.o
                0x00000274                bluetooth_init
 .text.send_char
                0x0000029e       0x10 bluetooth.o
                0x0000029e                send_char
 .text.TWI_MasterInit
                0x000002ae       0x1c gyro.o
                0x000002ae                TWI_MasterInit
 .text.writeByte
                0x000002ca       0x36 gyro.o
                0x000002ca                writeByte
 .text.enableDefault
                0x00000300       0x32 gyro.o
                0x00000300                enableDefault
 .text.readByte
                0x00000332       0x3c gyro.o
                0x00000332                readByte
 .text.readByteMulti
                0x0000036e       0x68 gyro.o
                0x0000036e                readByteMulti
 .text.getAngleRadians
                0x000003d6       0x14 gyro.o
                0x000003d6                getAngleRadians
 .text._lcd_OutNibble
                0x000003ea       0x4a hd44780.o
                0x000003ea                _lcd_OutNibble
 .text._lcd_Write
                0x00000434       0x3a hd44780.o
                0x00000434                _lcd_Write
 .text.LcdCommand
                0x0000046e        0xa hd44780.o
                0x0000046e                LcdCommand
 .text.LcdData  0x00000478        0xa hd44780.o
                0x00000478                LcdData
 .text.LcdWriteProgmem
                0x00000482       0x22 hd44780.o
                0x00000482                LcdWriteProgmem
 .text.LcdClear
                0x000004a4       0x12 hd44780.o
                0x000004a4                LcdClear
 .text.ReadCalibrationByte
                0x000004b6       0x12 libs.o
                0x000004b6                ReadCalibrationByte
 .text.Osc32MHz
                0x000004c8       0x38 libs.o
                0x000004c8                Osc32MHz
 .text.setADC   0x00000500       0x70 libs.o
                0x00000500                setADC
 .text.adcPomiar_RF
                0x00000570      0x168 libs.o
                0x00000570                adcPomiar_RF
 .text.adcPomiar_LF
                0x000006d8      0x168 libs.o
                0x000006d8                adcPomiar_LF
 .text.adcPomiar_LD
                0x00000840      0x170 libs.o
                0x00000840                adcPomiar_LD
 .text.adcPomiar_RD
                0x000009b0      0x170 libs.o
                0x000009b0                adcPomiar_RD
 .text.setMotorL
                0x00000b20       0x2a libs.o
                0x00000b20                setMotorL
 .text.setMotorR
                0x00000b4a       0x1a libs.o
                0x00000b4a                setMotorR
 .text.motorR   0x00000b64       0x60 libs.o
                0x00000b64                motorR
 .text.motorL   0x00000bc4       0x60 libs.o
                0x00000bc4                motorL
 .text.setbat   0x00000c24       0x1c libs.o
                0x00000c24                setbat
 .text.setall   0x00000c40       0xdc libs.o
                0x00000c40                setall
 .text.__vector_39
                0x00000d1c       0x2c main.o
                0x00000d1c                __vector_39
 .text.__vector_40
                0x00000d48       0x2c main.o
                0x00000d48                __vector_40
 .text.__vector_41
                0x00000d74       0x2c main.o
                0x00000d74                __vector_41
 .text.__vector_42
                0x00000da0       0x2c main.o
                0x00000da0                __vector_42
 .text.__vector_104
                0x00000dcc       0x14 main.o
                0x00000dcc                __vector_104
 .text.__vector_105
                0x00000de0       0x68 main.o
                0x00000de0                __vector_105
 .text.__vector_68
                0x00000e48       0x1e main.o
                0x00000e48                __vector_68
 .text.__vector_83
                0x00000e66      0x248 main.o
                0x00000e66                __vector_83
 .text.__vector_20
                0x000010ae      0x264 main.o
                0x000010ae                __vector_20
 .text.__vector_1
                0x00001312       0x70 main.o
                0x00001312                __vector_1
 .text.main     0x00001382       0x20 main.o
                0x00001382                main
 .text.lookup   0x000013a2       0x70 NewControl.o
                0x000013a2                lookup
 .text.profiler
                0x00001412      0x322 NewControl.o
                0x00001412                profiler
 .text.profiler_k
                0x00001734      0x2f4 NewControl.o
                0x00001734                profiler_k
 .text.reg      0x00001a28      0x222 NewControl.o
                0x00001a28                reg
 .text.go       0x00001c4a      0x118 NewControl.o
                0x00001c4a                go
 .text.rotateAngle
                0x00001d62      0x104 NewControl.o
                0x00001d62                rotateAngle
 .text.prestartSetUp
                0x00001e66       0x4a NewControl.o
                0x00001e66                prestartSetUp
 .text.get_params_enc
                0x00001eb0      0x2ec pos_dir_enc.o
                0x00001eb0                get_params_enc
 .text.avr-libc.fplib
                0x0000219c        0xa c:/program files (x86)/atmel/studio/7.0/toolchain/avr8/avr8-gnu-toolchain/bin/../lib/gcc/avr/5.4.0/../../../../avr/lib/avrxmega6\libm.a(addsf3.o)
                0x0000219c                __subsf3
                0x0000219e                __addsf3
 .text.avr-libc.fplib
                0x000021a6       0xc0 c:/program files (x86)/atmel/studio/7.0/toolchain/avr8/avr8-gnu-toolchain/bin/../lib/gcc/avr/5.4.0/../../../../avr/lib/avrxmega6\libm.a(addsf3x.o)
                0x000021c0                __addsf3x
 .text.avr-libc.fplib
                0x00002266        0x8 c:/program files (x86)/atmel/studio/7.0/toolchain/avr8/avr8-gnu-toolchain/bin/../lib/gcc/avr/5.4.0/../../../../avr/lib/avrxmega6\libm.a(cmpsf2.o)
                0x00002266                __nesf2
                0x00002266                __eqsf2
                0x00002266                __cmpsf2
                0x00002266                __ltsf2
                0x00002266                __lesf2
 .text.avr-libc.fplib
                0x0000226e        0x6 c:/program files (x86)/atmel/studio/7.0/toolchain/avr8/avr8-gnu-toolchain/bin/../lib/gcc/avr/5.4.0/../../../../avr/lib/avrxmega6\libm.a(cos.o)
                0x0000226e                cos
 .text.avr-libc.fplib
                0x00002274        0x4 c:/program files (x86)/atmel/studio/7.0/toolchain/avr8/avr8-gnu-toolchain/bin/../lib/gcc/avr/5.4.0/../../../../avr/lib/avrxmega6\libm.a(divsf3.o)
                0x00002274                __divsf3
 .text.avr-libc.fplib
                0x00002278       0xcc c:/program files (x86)/atmel/studio/7.0/toolchain/avr8/avr8-gnu-toolchain/bin/../lib/gcc/avr/5.4.0/../../../../avr/lib/avrxmega6\libm.a(divsf3x.o)
                0x0000228e                __divsf3x
                0x00002292                __divsf3_pse
 .text.avr-libc.fplib
                0x00002344        0xa c:/program files (x86)/atmel/studio/7.0/toolchain/avr8/avr8-gnu-toolchain/bin/../lib/gcc/avr/5.4.0/../../../../avr/lib/avrxmega6\libm.a(fixsfsi.o)
                0x00002344                __fixsfsi
 .text.avr-libc.fplib
                0x0000234e       0x58 c:/program files (x86)/atmel/studio/7.0/toolchain/avr8/avr8-gnu-toolchain/bin/../lib/gcc/avr/5.4.0/../../../../avr/lib/avrxmega6\libm.a(fixunssfsi.o)
                0x0000234e                __fixunssfsi
 .text.avr-libc.fplib
                0x000023a6        0x8 c:/program files (x86)/atmel/studio/7.0/toolchain/avr8/avr8-gnu-toolchain/bin/../lib/gcc/avr/5.4.0/../../../../avr/lib/avrxmega6\libm.a(floatdisf.o)
                0x000023a6                __floatdisf
 .text.avr-libc.fplib
                0x000023ae       0x7a c:/program files (x86)/atmel/studio/7.0/toolchain/avr8/avr8-gnu-toolchain/bin/../lib/gcc/avr/5.4.0/../../../../avr/lib/avrxmega6\libm.a(floatsisf.o)
                0x000023ae                __floatunsisf
                0x000023b2                __floatsisf
 .text.avr-libc.fplib
                0x00002428       0x7c c:/program files (x86)/atmel/studio/7.0/toolchain/avr8/avr8-gnu-toolchain/bin/../lib/gcc/avr/5.4.0/../../../../avr/lib/avrxmega6\libm.a(floatundisf.o)
                0x00002428                __floatundisf
                0x0000242a                __fp_di2sf
 .text.avr-libc.fplib
                0x000024a4       0x48 c:/program files (x86)/atmel/studio/7.0/toolchain/avr8/avr8-gnu-toolchain/bin/../lib/gcc/avr/5.4.0/../../../../avr/lib/avrxmega6\libm.a(fp_cmp.o)
                0x000024a4                __fp_cmp
 .text.avr-libc.fplib
                0x000024ec        0xc c:/program files (x86)/atmel/studio/7.0/toolchain/avr8/avr8-gnu-toolchain/bin/../lib/gcc/avr/5.4.0/../../../../avr/lib/avrxmega6\libm.a(fp_inf.o)
                0x000024ec                __fp_inf
 .text.avr-libc.fplib
                0x000024f8        0x6 c:/program files (x86)/atmel/studio/7.0/toolchain/avr8/avr8-gnu-toolchain/bin/../lib/gcc/avr/5.4.0/../../../../avr/lib/avrxmega6\libm.a(fp_nan.o)
                0x000024f8                __fp_nan
 .text.avr-libc.fplib
                0x000024fe       0x20 c:/program files (x86)/atmel/studio/7.0/toolchain/avr8/avr8-gnu-toolchain/bin/../lib/gcc/avr/5.4.0/../../../../avr/lib/avrxmega6\libm.a(fp_negdi.o)
                0x000024fe                __fp_negdi
 .text.avr-libc.fplib
                0x0000251e        0xe c:/program files (x86)/atmel/studio/7.0/toolchain/avr8/avr8-gnu-toolchain/bin/../lib/gcc/avr/5.4.0/../../../../avr/lib/avrxmega6\libm.a(fp_pscA.o)
                0x0000251e                __fp_pscA
 .text.avr-libc.fplib
                0x0000252c        0xe c:/program files (x86)/atmel/studio/7.0/toolchain/avr8/avr8-gnu-toolchain/bin/../lib/gcc/avr/5.4.0/../../../../avr/lib/avrxmega6\libm.a(fp_pscB.o)
                0x0000252c                __fp_pscB
 .text.avr-libc.fplib
                0x0000253a       0x50 c:/program files (x86)/atmel/studio/7.0/toolchain/avr8/avr8-gnu-toolchain/bin/../lib/gcc/avr/5.4.0/../../../../avr/lib/avrxmega6\libm.a(fp_rempio2.o)
                0x0000253c                __fp_rempio2
 .text.avr-libc.fplib
                0x0000258a       0x22 c:/program files (x86)/atmel/studio/7.0/toolchain/avr8/avr8-gnu-toolchain/bin/../lib/gcc/avr/5.4.0/../../../../avr/lib/avrxmega6\libm.a(fp_round.o)
                0x0000258a                __fp_round
 .text.avr-libc.fplib
                0x000025ac       0x22 c:/program files (x86)/atmel/studio/7.0/toolchain/avr8/avr8-gnu-toolchain/bin/../lib/gcc/avr/5.4.0/../../../../avr/lib/avrxmega6\libm.a(fp_sinus.o)
                0x000025ac                __fp_sinus
 .text.avr-libc.fplib
                0x000025ce       0x44 c:/program files (x86)/atmel/studio/7.0/toolchain/avr8/avr8-gnu-toolchain/bin/../lib/gcc/avr/5.4.0/../../../../avr/lib/avrxmega6\libm.a(fp_split3.o)
                0x000025ce                __fp_split3
                0x000025de                __fp_splitA
 .text.avr-libc.fplib
                0x00002612        0xe c:/program files (x86)/atmel/studio/7.0/toolchain/avr8/avr8-gnu-toolchain/bin/../lib/gcc/avr/5.4.0/../../../../avr/lib/avrxmega6\libm.a(fp_zero.o)
                0x00002612                __fp_zero
                0x00002614                __fp_szero
 .text.avr-libc.fplib
                0x00002620        0x8 c:/program files (x86)/atmel/studio/7.0/toolchain/avr8/avr8-gnu-toolchain/bin/../lib/gcc/avr/5.4.0/../../../../avr/lib/avrxmega6\libm.a(gesf2.o)
                0x00002620                __gesf2
                0x00002620                __gtsf2
 .text.avr-libc.fplib
                0x00002628        0x4 c:/program files (x86)/atmel/studio/7.0/toolchain/avr8/avr8-gnu-toolchain/bin/../lib/gcc/avr/5.4.0/../../../../avr/lib/avrxmega6\libm.a(mulsf3.o)
                0x00002628                __mulsf3
 .text.avr-libc.fplib
                0x0000262c       0xc2 c:/program files (x86)/atmel/studio/7.0/toolchain/avr8/avr8-gnu-toolchain/bin/../lib/gcc/avr/5.4.0/../../../../avr/lib/avrxmega6\libm.a(mulsf3x.o)
                0x00002640                __mulsf3x
                0x00002644                __mulsf3_pse
 .text.avr-libc.fplib
                0x000026ee        0xc c:/program files (x86)/atmel/studio/7.0/toolchain/avr8/avr8-gnu-toolchain/bin/../lib/gcc/avr/5.4.0/../../../../avr/lib/avrxmega6\libm.a(sin.o)
                0x000026ee                sin
 .text.avr-libc.fplib
                0x000026fa       0x1c c:/program files (x86)/atmel/studio/7.0/toolchain/avr8/avr8-gnu-toolchain/bin/../lib/gcc/avr/5.4.0/../../../../avr/lib/avrxmega6\libm.a(fp_mpack.o)
                0x000026fa                __fp_mpack
                0x000026fe                __fp_mpack_finite
 .text.avr-libc.fplib
                0x00002716       0x22 c:/program files (x86)/atmel/studio/7.0/toolchain/avr8/avr8-gnu-toolchain/bin/../lib/gcc/avr/5.4.0/../../../../avr/lib/avrxmega6\libm.a(fp_powsodd.o)
                0x00002716                __fp_powsodd
 .text.avr-libc.fplib
                0x00002738       0x4a c:/program files (x86)/atmel/studio/7.0/toolchain/avr8/avr8-gnu-toolchain/bin/../lib/gcc/avr/5.4.0/../../../../avr/lib/avrxmega6\libm.a(fp_powser.o)
                0x00002738                __fp_powser
 .text.libgcc.div
                0x00002782       0x26 c:/program files (x86)/atmel/studio/7.0/toolchain/avr8/avr8-gnu-toolchain/bin/../lib/gcc/avr/5.4.0/avrxmega6\libgcc.a(_divmodhi4.o)
                0x00002782                _div
                0x00002782                __divmodhi4
 .text.libgcc.mul
                0x000027a8       0x1e c:/program files (x86)/atmel/studio/7.0/toolchain/avr8/avr8-gnu-toolchain/bin/../lib/gcc/avr/5.4.0/avrxmega6\libgcc.a(_umulhisi3.o)
                0x000027a8                __umulhisi3
 .text.libgcc.builtins
                0x000027c6       0x32 c:/program files (x86)/atmel/studio/7.0/toolchain/avr8/avr8-gnu-toolchain/bin/../lib/gcc/avr/5.4.0/avrxmega6\libgcc.a(_ashldi3.o)
                0x000027c6                __ashldi3
 .text.libgcc   0x000027f8       0x12 c:/program files (x86)/atmel/studio/7.0/toolchain/avr8/avr8-gnu-toolchain/bin/../lib/gcc/avr/5.4.0/avrxmega6\libgcc.a(_adddi3.o)
                0x000027f8                __adddi3
 .text.libgcc.div
                0x0000280a       0x28 c:/program files (x86)/atmel/studio/7.0/toolchain/avr8/avr8-gnu-toolchain/bin/../lib/gcc/avr/5.4.0/avrxmega6\libgcc.a(_udivmodhi4.o)
                0x0000280a                __udivmodhi4
 .text.avr-libc
                0x00002832      0x3ee c:/program files (x86)/atmel/studio/7.0/toolchain/avr8/avr8-gnu-toolchain/bin/../lib/gcc/avr/5.4.0/../../../../avr/lib/avrxmega6\libc.a(vfprintf_std.o)
                0x00002832                vfprintf
 .text.avr-libc
                0x00002c20       0x16 c:/program files (x86)/atmel/studio/7.0/toolchain/avr8/avr8-gnu-toolchain/bin/../lib/gcc/avr/5.4.0/../../../../avr/lib/avrxmega6\libc.a(strnlen_P.o)
                0x00002c20                strnlen_P
 .text.avr-libc
                0x00002c36       0x16 c:/program files (x86)/atmel/studio/7.0/toolchain/avr8/avr8-gnu-toolchain/bin/../lib/gcc/avr/5.4.0/../../../../avr/lib/avrxmega6\libc.a(strnlen.o)
                0x00002c36                strnlen
 .text.avr-libc
                0x00002c4c       0x78 c:/program files (x86)/atmel/studio/7.0/toolchain/avr8/avr8-gnu-toolchain/bin/../lib/gcc/avr/5.4.0/../../../../avr/lib/avrxmega6\libc.a(fputc.o)
                0x00002c4c                fputc
 .text.avr-libc
                0x00002cc4       0xbc c:/program files (x86)/atmel/studio/7.0/toolchain/avr8/avr8-gnu-toolchain/bin/../lib/gcc/avr/5.4.0/../../../../avr/lib/avrxmega6\libc.a(ultoa_invert.o)
                0x00002cc4                __ultoa_invert
                0x00002d80                . = ALIGN (0x2)
 *(.fini9)
 .fini9         0x00002d80        0x0 c:/program files (x86)/atmel/studio/7.0/toolchain/avr8/avr8-gnu-toolchain/bin/../lib/gcc/avr/5.4.0/avrxmega6\libgcc.a(_exit.o)
                0x00002d80                _exit
                0x00002d80                exit
 *(.fini9)
 *(.fini8)
 *(.fini8)
 *(.fini7)
 *(.fini7)
 *(.fini6)
 *(.fini6)
 *(.fini5)
 *(.fini5)
 *(.fini4)
 *(.fini4)
 *(.fini3)
 *(.fini3)
 *(.fini2)
 *(.fini2)
 *(.fini1)
 *(.fini1)
 *(.fini0)
 .fini0         0x00002d80        0x4 c:/program files (x86)/atmel/studio/7.0/toolchain/avr8/avr8-gnu-toolchain/bin/../lib/gcc/avr/5.4.0/avrxmega6\libgcc.a(_exit.o)
 *(.fini0)
                0x00002d84                _etext = .

.data           0x00802000       0x6a load address 0x00002d84
                0x00802000                PROVIDE (__data_start, .)
 *(.data)
 *(.data*)
 .data.regT_D   0x00802000        0x4 main.o
                0x00802000                regT_D
 .data.regT_I   0x00802004        0x4 main.o
                0x00802004                regT_I
 .data.regT_P   0x00802008        0x4 main.o
                0x00802008                regT_P
 .data.regV_D   0x0080200c        0x4 main.o
                0x0080200c                regV_D
 .data.regV_I   0x00802010        0x4 main.o
                0x00802010                regV_I
 .data.regV_P   0x00802014        0x4 main.o
                0x00802014                regV_P
 .data.przyspT_8
                0x00802018        0x4 NewControl.o
                0x00802018                przyspT_8
 .data.przysp_8
                0x0080201c        0x2 NewControl.o
                0x0080201c                przysp_8
 .data.next_V_8
                0x0080201e        0x2 NewControl.o
                0x0080201e                next_V_8
 .data.docelowa_T_8
                0x00802020        0x2 NewControl.o
                0x00802020                docelowa_T_8
 .data.docelowa_V_8
                0x00802022        0x2 NewControl.o
                0x00802022                docelowa_V_8
 *(.rodata)
 .rodata        0x00802024       0x44 NewControl.o
 *(.rodata*)
 .rodata.str1.1
                0x00802068        0x2 main.o
 *(.gnu.linkonce.d*)
                0x0080206a                . = ALIGN (0x2)
                0x0080206a                _edata = .
                0x0080206a                PROVIDE (__data_end, .)

.bss            0x0080206a      0xe6f
                0x0080206a                PROVIDE (__bss_start, .)
 *(.bss)
 *(.bss*)
 .bss.refL      0x0080206a        0x2 main.o
                0x0080206a                refL
 .bss.refR      0x0080206c        0x2 main.o
                0x0080206c                refR
 .bss.pred      0x0080206e        0x2 main.o
                0x0080206e                pred
 .bss.roznica   0x00802070        0x2 main.o
                0x00802070                roznica
 .bss.enk_sumT  0x00802072        0x4 NewControl.o
                0x00802072                enk_sumT
 .bss.enk_sumS  0x00802076        0x4 NewControl.o
                0x00802076                enk_sumS
 .bss.regT_prevE
                0x0080207a        0x4 NewControl.o
                0x0080207a                regT_prevE
 .bss.regV_prevE
                0x0080207e        0x4 NewControl.o
                0x0080207e                regV_prevE
 .bss.stan      0x00802082        0x2 NewControl.o
                0x00802082                stan
 .bss.stan_T    0x00802084        0x2 NewControl.o
                0x00802084                stan_T
 .bss.target_T  0x00802086        0x2 NewControl.o
                0x00802086                target_T
 .bss.aktualna_V_8
                0x00802088        0x2 NewControl.o
                0x00802088                aktualna_V_8
 .bss.reg_newPWMP
                0x0080208a        0x2 NewControl.o
                0x0080208a                reg_newPWMP
 .bss.reg_newPWML
                0x0080208c        0x2 NewControl.o
                0x0080208c                reg_newPWML
 .bss.regT_aktE
                0x0080208e        0x2 NewControl.o
                0x0080208e                regT_aktE
 .bss.target_S  0x00802090        0x2 NewControl.o
                0x00802090                target_S
 .bss.aktualna_T_8
                0x00802092        0x2 NewControl.o
                0x00802092                aktualna_T_8
 *(COMMON)
 COMMON         0x00802094      0x60f algorithms.o
                0x00802094                path
                0x00802294                labposx
                0x00802295                adc_result_LF
                0x00802297                discovered
                0x00802397                old_enk_r
                0x00802399                labposy
                0x0080239a                adc_result_RF
                0x0080239c                pathlength
                0x0080239d                tr_paths
                0x0080249d                adc_result_LD
                0x0080249f                old_enk_l
                0x008024a1                distances
                0x008025a1                adc_result_RD
                0x008025a3                labyrinth
 COMMON         0x008026a3       0x2b rightHand.o
                0x008026a3                pomiarfr
                0x008026a5                par
                0x008026b5                regV_aktE
                0x008026b7                gyro
                0x008026bb                pomiarfl
                0x008026bd                flaga_czuj
                0x008026bf                sum2
                0x008026c1                enkr
                0x008026c5                enkl
                0x008026c9                pomiarr
                0x008026cb                pomiarl
                0x008026cd                moves_flags
 COMMON         0x008026ce      0x80b main.o
                0x008026ce                tabsend
                0x00802e9e                com
                0x00802e9f                pomiary
                0x00802ec7                roznica_czujnikow
                0x00802ec9                roznica_ch
                0x00802ed1                pred_ch
                0x00802ed9                PROVIDE (__bss_end, .)
                0x00002d84                __data_load_start = LOADADDR (.data)
                0x00002dee                __data_load_end = (__data_load_start + SIZEOF (.data))

.noinit         0x00802ed9        0x0
                [!provide]                PROVIDE (__noinit_start, .)
 *(.noinit*)
                [!provide]                PROVIDE (__noinit_end, .)
                0x00802ed9                _end = .
                [!provide]                PROVIDE (__heap_start, .)

.eeprom         0x00810000        0x0
 *(.eeprom*)
                0x00810000                __eeprom_end = .

.fuse
 *(.fuse)
 *(.lfuse)
 *(.hfuse)
 *(.efuse)

.lock
 *(.lock*)

.signature
 *(.signature*)

.user_signatures
 *(.user_signatures*)

.stab
 *(.stab)

.stabstr
 *(.stabstr)

.stab.excl
 *(.stab.excl)

.stab.exclstr
 *(.stab.exclstr)

.stab.index
 *(.stab.index)

.stab.indexstr
 *(.stab.indexstr)

.comment        0x00000000       0x5c
 *(.comment)
 .comment       0x00000000       0x30 algorithms.o
                                 0x31 (size before relaxing)
 .comment       0x00000030       0x31 bluetooth.o
 .comment       0x00000030       0x31 rightHand.o
 .comment       0x00000030       0x31 gyro.o
 .comment       0x00000030       0x31 hd44780.o
 .comment       0x00000030       0x31 libs.o
 .comment       0x00000030       0x31 main.o
 .comment       0x00000030       0x31 NewControl.o
 .comment       0x00000030       0x31 pos_dir_enc.o
 .comment       0x00000030       0x2c c:/program files (x86)/atmel/studio/7.0/toolchain/avr8/avr8-gnu-toolchain/bin/../lib/gcc/avr/5.4.0/../../../../avr/lib/avrxmega6\libc.a(vfprintf_std.o)
                                 0x2d (size before relaxing)
 .comment       0x0000005c       0x31 c:/program files (x86)/atmel/studio/7.0/toolchain/avr8/avr8-gnu-toolchain/bin/../lib/gcc/avr/5.4.0/../../../../avr/lib/avrxmega6\libc.a(fputc.o)

.note.gnu.avr.deviceinfo
                0x00000000       0x40
 .note.gnu.avr.deviceinfo
                0x00000000       0x40 C:/Program Files (x86)/Atmel/Studio/7.0/Packs/atmel/XMEGAA_DFP/1.1.68/gcc/dev/atxmega128a3u/avrxmega6/crtatxmega128a3u.o

.note.gnu.build-id
 *(.note.gnu.build-id)

.debug
 *(.debug)

.line
 *(.line)

.debug_srcinfo
 *(.debug_srcinfo)

.debug_sfnames
 *(.debug_sfnames)

.debug_aranges  0x00000000      0x338
 *(.debug_aranges)
 .debug_aranges
                0x00000000       0x80 algorithms.o
 .debug_aranges
                0x00000080       0x38 bluetooth.o
 .debug_aranges
                0x000000b8       0x20 rightHand.o
 .debug_aranges
                0x000000d8       0x48 gyro.o
 .debug_aranges
                0x00000120       0x68 hd44780.o
 .debug_aranges
                0x00000188       0xa0 libs.o
 .debug_aranges
                0x00000228       0x70 main.o
 .debug_aranges
                0x00000298       0x80 NewControl.o
 .debug_aranges
                0x00000318       0x20 pos_dir_enc.o

.debug_pubnames
 *(.debug_pubnames)

.debug_info     0x00000000     0xa18d
 *(.debug_info .gnu.linkonce.wi.*)
 .debug_info    0x00000000     0x3409 C:/Program Files (x86)/Atmel/Studio/7.0/Packs/atmel/XMEGAA_DFP/1.1.68/gcc/dev/atxmega128a3u/avrxmega6/crtatxmega128a3u.o
 .debug_info    0x00003409      0xa28 algorithms.o
 .debug_info    0x00003e31      0x265 bluetooth.o
 .debug_info    0x00004096      0x63b rightHand.o
 .debug_info    0x000046d1      0x69f gyro.o
 .debug_info    0x00004d70      0x763 hd44780.o
 .debug_info    0x000054d3     0x287e libs.o
 .debug_info    0x00007d51     0x148b main.o
 .debug_info    0x000091dc      0xc89 NewControl.o
 .debug_info    0x00009e65      0x328 pos_dir_enc.o

.debug_abbrev   0x00000000     0x4441
 *(.debug_abbrev)
 .debug_abbrev  0x00000000     0x3148 C:/Program Files (x86)/Atmel/Studio/7.0/Packs/atmel/XMEGAA_DFP/1.1.68/gcc/dev/atxmega128a3u/avrxmega6/crtatxmega128a3u.o
 .debug_abbrev  0x00003148      0x222 algorithms.o
 .debug_abbrev  0x0000336a      0x155 bluetooth.o
 .debug_abbrev  0x000034bf      0x180 rightHand.o
 .debug_abbrev  0x0000363f      0x199 gyro.o
 .debug_abbrev  0x000037d8      0x1e5 hd44780.o
 .debug_abbrev  0x000039bd      0x3af libs.o
 .debug_abbrev  0x00003d6c      0x2bc main.o
 .debug_abbrev  0x00004028      0x2ee NewControl.o
 .debug_abbrev  0x00004316      0x12b pos_dir_enc.o

.debug_line     0x00000000     0x40f6
 *(.debug_line .debug_line.* .debug_line_end)
 .debug_line    0x00000000      0x39d C:/Program Files (x86)/Atmel/Studio/7.0/Packs/atmel/XMEGAA_DFP/1.1.68/gcc/dev/atxmega128a3u/avrxmega6/crtatxmega128a3u.o
 .debug_line    0x0000039d      0xd2f algorithms.o
 .debug_line    0x000010cc      0x388 bluetooth.o
 .debug_line    0x00001454      0x41f rightHand.o
 .debug_line    0x00001873      0x488 gyro.o
 .debug_line    0x00001cfb      0x541 hd44780.o
 .debug_line    0x0000223c      0xb76 libs.o
 .debug_line    0x00002db2      0x621 main.o
 .debug_line    0x000033d3      0x969 NewControl.o
 .debug_line    0x00003d3c      0x3ba pos_dir_enc.o

.debug_frame    0x00000000      0xc6c
 *(.debug_frame)
 .debug_frame   0x00000000      0x1e8 algorithms.o
 .debug_frame   0x000001e8       0x60 bluetooth.o
 .debug_frame   0x00000248       0x24 rightHand.o
 .debug_frame   0x0000026c       0x9c gyro.o
 .debug_frame   0x00000308      0x130 hd44780.o
 .debug_frame   0x00000438      0x268 libs.o
 .debug_frame   0x000006a0      0x2b0 main.o
 .debug_frame   0x00000950      0x2a0 NewControl.o
 .debug_frame   0x00000bf0       0x7c pos_dir_enc.o

.debug_str      0x00000000    0x22b7d
 *(.debug_str)
 .debug_str     0x00000000     0x223b C:/Program Files (x86)/Atmel/Studio/7.0/Packs/atmel/XMEGAA_DFP/1.1.68/gcc/dev/atxmega128a3u/avrxmega6/crtatxmega128a3u.o
 .debug_str     0x0000223b    0x1cef9 algorithms.o
                              0x1d46d (size before relaxing)
 .debug_str     0x0001f134      0x117 bluetooth.o
                              0x1a448 (size before relaxing)
 .debug_str     0x0001f24b     0x116e rightHand.o
                              0x1e3ed (size before relaxing)
 .debug_str     0x000203b9      0x362 gyro.o
                              0x1e3d1 (size before relaxing)
 .debug_str     0x0002071b       0xd7 hd44780.o
                              0x1cd4e (size before relaxing)
 .debug_str     0x000207f2     0x20dd libs.o
                              0x2039f (size before relaxing)
 .debug_str     0x000228cf      0x1a1 main.o
                              0x1e9f4 (size before relaxing)
 .debug_str     0x00022a70       0xe5 NewControl.o
                              0x1e538 (size before relaxing)
 .debug_str     0x00022b55       0x28 pos_dir_enc.o
                              0x1e11e (size before relaxing)

.debug_loc      0x00000000     0x3c59
 *(.debug_loc)
 .debug_loc     0x00000000      0xd3f algorithms.o
 .debug_loc     0x00000d3f       0x65 bluetooth.o
 .debug_loc     0x00000da4       0xbe rightHand.o
 .debug_loc     0x00000e62      0x162 gyro.o
 .debug_loc     0x00000fc4      0x62e hd44780.o
 .debug_loc     0x000015f2      0xef8 libs.o
 .debug_loc     0x000024ea      0x689 main.o
 .debug_loc     0x00002b73      0xb43 NewControl.o
 .debug_loc     0x000036b6      0x5a3 pos_dir_enc.o

.debug_macinfo
 *(.debug_macinfo)

.debug_weaknames
 *(.debug_weaknames)

.debug_funcnames
 *(.debug_funcnames)

.debug_typenames
 *(.debug_typenames)

.debug_varnames
 *(.debug_varnames)

.debug_pubtypes
 *(.debug_pubtypes)

.debug_ranges   0x00000000      0x2f0
 *(.debug_ranges)
 .debug_ranges  0x00000000       0x70 algorithms.o
 .debug_ranges  0x00000070       0x28 bluetooth.o
 .debug_ranges  0x00000098       0x10 rightHand.o
 .debug_ranges  0x000000a8       0x38 gyro.o
 .debug_ranges  0x000000e0       0x70 hd44780.o
 .debug_ranges  0x00000150       0xc0 libs.o
 .debug_ranges  0x00000210       0x60 main.o
 .debug_ranges  0x00000270       0x70 NewControl.o
 .debug_ranges  0x000002e0       0x10 pos_dir_enc.o

.debug_macro    0x00000000     0x8acb
 *(.debug_macro)
 .debug_macro   0x00000000      0x100 algorithms.o
 .debug_macro   0x00000100      0xa84 algorithms.o
 .debug_macro   0x00000b84       0x10 algorithms.o
 .debug_macro   0x00000b94      0x1c9 algorithms.o
 .debug_macro   0x00000d5d      0x2fc algorithms.o
 .debug_macro   0x00001059       0x9e algorithms.o
 .debug_macro   0x000010f7     0x62da algorithms.o
 .debug_macro   0x000073d1       0x9a algorithms.o
 .debug_macro   0x0000746b       0xf1 algorithms.o
 .debug_macro   0x0000755c       0x34 algorithms.o
 .debug_macro   0x00007590       0x16 algorithms.o
 .debug_macro   0x000075a6       0x18 algorithms.o
 .debug_macro   0x000075be       0x5e algorithms.o
 .debug_macro   0x0000761c       0x10 algorithms.o
 .debug_macro   0x0000762c      0x166 algorithms.o
 .debug_macro   0x00007792       0x69 algorithms.o
 .debug_macro   0x000077fb       0x10 algorithms.o
 .debug_macro   0x0000780b       0x89 algorithms.o
 .debug_macro   0x00007894      0x17b algorithms.o
 .debug_macro   0x00007a0f       0xf6 algorithms.o
 .debug_macro   0x00007b05       0xf4 algorithms.o
 .debug_macro   0x00007bf9       0x10 algorithms.o
 .debug_macro   0x00007c09       0x3a algorithms.o
 .debug_macro   0x00007c43       0x6a algorithms.o
 .debug_macro   0x00007cad       0xba bluetooth.o
 .debug_macro   0x00007d67      0x15d rightHand.o
 .debug_macro   0x00007ec4       0x3a rightHand.o
 .debug_macro   0x00007efe      0x398 rightHand.o
 .debug_macro   0x00008296       0x10 rightHand.o
 .debug_macro   0x000082a6       0x2e rightHand.o
 .debug_macro   0x000082d4       0x10 rightHand.o
 .debug_macro   0x000082e4      0x105 gyro.o
 .debug_macro   0x000083e9       0xd2 hd44780.o
 .debug_macro   0x000084bb       0x10 hd44780.o
 .debug_macro   0x000084cb       0xe8 hd44780.o
 .debug_macro   0x000085b3      0x10d libs.o
 .debug_macro   0x000086c0      0x16a main.o
 .debug_macro   0x0000882a       0x1c main.o
 .debug_macro   0x00008846      0x14f NewControl.o
 .debug_macro   0x00008995      0x10e pos_dir_enc.o
 .debug_macro   0x00008aa3       0x28 pos_dir_enc.o
OUTPUT(micromouse.elf elf32-avr)
LOAD linker stubs
